******************************************************************************
             TMS320C2000 Linker PC v22.6.0                     
******************************************************************************
>> Linked Wed Nov 13 12:13:08 2024

OUTPUT FILE NAME:   <../rul_data_acquisition_system.out>
ENTRY POINT SYMBOL: "_c_int00"  address: 003f2e1c


MEMORY CONFIGURATION

         name            origin    length      used     unused   attr    fill
----------------------  --------  ---------  --------  --------  ----  --------
PAGE 0:
  BEGINRAM              00000000   00000002  00000000  00000002  RWIX
  PRAML0                00008000   00001000  0000040a  00000bf6  RWIX
  OTP                   003d7800   00000400  00000000  00000400  RWIX
  FLASH                 003f0000   00007ff6  00003398  00004c5e  RWIX
  BEGINFLASH            003f7ff6   00000002  00000002  00000000  RWIX
  CSM_PWL               003f7ff8   00000008  00000000  00000008  RWIX
  IQTABLES              003fe000   00000b50  00000000  00000b50  RWIX
  IQTABLES2             003feb50   0000008c  00000000  0000008c  RWIX
  IQTABLES3             003febdc   000000aa  00000000  000000aa  RWIX
  BOOTROM               003ff27c   00000d44  00000000  00000d44  RWIX
  RESET                 003fffc0   00000002  00000000  00000002  RWIX
  VECTORS               003fffc2   0000003e  00000000  0000003e  RWIX

PAGE 1:
  RAMM0M1               00000002   000007fe  00000300  000004fe  RWIX
  DEV_EMU               00000880   00000105  00000004  00000101  RWIX
  SYS_PWR_CTL           00000985   00000003  00000003  00000000  RWIX
  FLASH_REGS            00000a80   00000060  00000008  00000058  RWIX
  CSM                   00000ae0   00000010  00000010  00000000  RWIX
  ADC_RESULT            00000b00   00000020  00000020  00000000  RWIX
  CPU_TIMER0            00000c00   00000008  00000008  00000000  RWIX
  CPU_TIMER1            00000c08   00000008  00000008  00000000  RWIX
  CPU_TIMER2            00000c10   00000008  00000008  00000000  RWIX
  PIE_CTRL              00000ce0   00000020  0000001a  00000006  RWIX
  PIE_VECT              00000d00   00000100  00000100  00000000  RWIX
  COMP1                 00006400   00000020  00000011  0000000f  RWIX
  COMP2                 00006420   00000020  00000011  0000000f  RWIX
  EPWM1                 00006800   00000040  00000040  00000000  RWIX
  EPWM2                 00006840   00000040  00000040  00000000  RWIX
  EPWM3                 00006880   00000040  00000040  00000000  RWIX
  EPWM4                 000068c0   00000040  00000040  00000000  RWIX
  ECAP1                 00006a00   00000020  00000020  00000000  RWIX
  GPIOCTRL              00006f80   00000040  00000040  00000000  RWIX
  GPIODAT               00006fc0   00000020  00000020  00000000  RWIX
  GPIOINT               00006fe0   00000020  0000000a  00000016  RWIX
  SYSTEM                00007010   00000020  0000001f  00000001  RWIX
  SPIA                  00007040   00000010  00000010  00000000  RWIX
  SCIA                  00007050   00000010  00000010  00000000  RWIX
  NMIINTRUPT            00007060   00000010  00000010  00000000  RWIX
  XINTRUPT              00007070   00000010  00000010  00000000  RWIX
  ADC                   00007100   00000080  00000051  0000002f  RWIX
  I2CA                  00007900   00000040  00000022  0000001e  RWIX
  PARTID                003d7fff   00000001  00000001  00000000  RWIX
  CSM_PWL               003f7ff8   00000008  00000008  00000000  RWIX


SECTION ALLOCATION MAP

 output                                  attributes/
section   page    origin      length       input sections
--------  ----  ----------  ----------   ----------------
.bss       0    00008000    00000000     UNINITIALIZED

.ebss      0    00008000    00000393     UNINITIALIZED
                  00008000    000001a6     xcp_mem_default.obj (.ebss:_xcpMemReservedPoolsChunk)
                  000081a6    00000018     f2802x_cputimers.obj (.ebss)
                  000081be    00000002     rts2800_ml.lib : _lock.c.obj (.ebss:__lock)
                  000081c0    0000007f     xcp_mem_default.obj (.ebss:_xcpMemMainChunk)
                  0000823f    00000001     MW_c28xGPIO.obj (.ebss)
                  00008240    00000042     datamodify_xcp.obj (.ebss)
                  00008282    0000003c     xcp_mem_default.obj (.ebss:_xcpMemPoolDescriptors)
                  000082be    00000002     rts2800_ml.lib : _lock.c.obj (.ebss:__unlock)
                  000082c0    00000028     rul_data_acquisition_system.obj (.ebss)
                  000082e8    00000018     xcp_daq.obj (.ebss)
                  00008300    0000001e     xcp_ext_common.obj (.ebss)
                  0000831e    0000001c     xcp_ext_classic_trigger.obj (.ebss)
                  0000833a    00000006     xcp_mem_default.obj (.ebss:_xcpMemMainBlockSizes)
                  00008340    00000008     xcp.obj (.ebss:_groupPacketLookup)
                  00008348    00000008     xcp_transport.obj (.ebss:_txFifo)
                  00008350    00000008     xcp_standard.obj (.ebss)
                  00008358    00000006     xcp_mem_default.obj (.ebss:_xcpMemMainBlocksNumber)
                  0000835e    00000006     rts2800_ml.lib : exit.c.obj (.ebss)
                  00008364    00000005     xcp.obj (.ebss)
                  00008369    00000005     xcp_frame_serial.obj (.ebss)
                  0000836e    00000004     xcp_transport.obj (.ebss:_rxFifo)
                  00008372    00000004     xcp_ext_common.obj (.ebss:_xcpCurrentSimulationTimeInTicks)
                  00008376    00000004     xcp_ext_mode.obj (.ebss:_xcpCustomTriggerFunction)
                  0000837a    00000004     xcp_mem_default.obj (.ebss:_xcpMemCustomPoolDescriptors)
                  0000837e    00000002     rul_data_acquisition_system.obj (.ebss:_systemRan$3)
                  00008380    00000004     ert_main.obj (.ebss)
                  00008384    00000004     xcp_mem_default.obj (.ebss)
                  00008388    00000004     xcp_transport.obj (.ebss)
                  0000838c    00000002     rtiostream_serial_c28x_ext_xcp.obj (.ebss)
                  0000838e    00000002     xcp_calibration.obj (.ebss)
                  00008390    00000002     xcp_drv_rtiostream.obj (.ebss)
                  00008392    00000001     MW_c28xGlobalInterrupts.obj (.ebss)

DevEmuRegsFile 
*          1    00000880    00000004     UNINITIALIZED
                  00000880    00000004     F2802x_GlobalVariableDefs.obj (DevEmuRegsFile)

SysPwrCtrlRegsFile 
*          1    00000985    00000003     UNINITIALIZED
                  00000985    00000003     F2802x_GlobalVariableDefs.obj (SysPwrCtrlRegsFile)

FlashRegsFile 
*          1    00000a80    00000008     UNINITIALIZED
                  00000a80    00000008     F2802x_GlobalVariableDefs.obj (FlashRegsFile)

CsmRegsFile 
*          1    00000ae0    00000010     UNINITIALIZED
                  00000ae0    00000010     F2802x_GlobalVariableDefs.obj (CsmRegsFile)

AdcResultFile 
*          1    00000b00    00000020     UNINITIALIZED
                  00000b00    00000020     F2802x_GlobalVariableDefs.obj (AdcResultFile)

CpuTimer0RegsFile 
*          1    00000c00    00000008     UNINITIALIZED
                  00000c00    00000008     F2802x_GlobalVariableDefs.obj (CpuTimer0RegsFile)

CpuTimer1RegsFile 
*          1    00000c08    00000008     UNINITIALIZED
                  00000c08    00000008     F2802x_GlobalVariableDefs.obj (CpuTimer1RegsFile)

CpuTimer2RegsFile 
*          1    00000c10    00000008     UNINITIALIZED
                  00000c10    00000008     F2802x_GlobalVariableDefs.obj (CpuTimer2RegsFile)

PieCtrlRegsFile 
*          1    00000ce0    0000001a     UNINITIALIZED
                  00000ce0    0000001a     F2802x_GlobalVariableDefs.obj (PieCtrlRegsFile)

PieVectTableFile 
*          1    00000d00    00000100     UNINITIALIZED
                  00000d00    00000100     F2802x_GlobalVariableDefs.obj (PieVectTableFile)

EmuKeyVar 
*          1    00000d00    00000001     UNINITIALIZED
                  00000d00    00000001     F2802x_GlobalVariableDefs.obj (EmuKeyVar)

EmuBModeVar 
*          1    00000d01    00000001     UNINITIALIZED
                  00000d01    00000001     F2802x_GlobalVariableDefs.obj (EmuBModeVar)

FlashCallbackVar 
*          1    00000d02    00000002     UNINITIALIZED
                  00000d02    00000002     F2802x_GlobalVariableDefs.obj (FlashCallbackVar)

FlashScalingVar 
*          1    00000d04    00000002     UNINITIALIZED
                  00000d04    00000002     F2802x_GlobalVariableDefs.obj (FlashScalingVar)

Comp1RegsFile 
*          1    00006400    00000011     UNINITIALIZED
                  00006400    00000011     F2802x_GlobalVariableDefs.obj (Comp1RegsFile)

Comp2RegsFile 
*          1    00006420    00000011     UNINITIALIZED
                  00006420    00000011     F2802x_GlobalVariableDefs.obj (Comp2RegsFile)

EPwm1RegsFile 
*          1    00006800    00000040     UNINITIALIZED
                  00006800    00000040     F2802x_GlobalVariableDefs.obj (EPwm1RegsFile)

EPwm2RegsFile 
*          1    00006840    00000040     UNINITIALIZED
                  00006840    00000040     F2802x_GlobalVariableDefs.obj (EPwm2RegsFile)

EPwm3RegsFile 
*          1    00006880    00000040     UNINITIALIZED
                  00006880    00000040     F2802x_GlobalVariableDefs.obj (EPwm3RegsFile)

EPwm4RegsFile 
*          1    000068c0    00000040     UNINITIALIZED
                  000068c0    00000040     F2802x_GlobalVariableDefs.obj (EPwm4RegsFile)

ECap1RegsFile 
*          1    00006a00    00000020     UNINITIALIZED
                  00006a00    00000020     F2802x_GlobalVariableDefs.obj (ECap1RegsFile)

GpioCtrlRegsFile 
*          1    00006f80    00000040     UNINITIALIZED
                  00006f80    00000040     F2802x_GlobalVariableDefs.obj (GpioCtrlRegsFile)

GpioDataRegsFile 
*          1    00006fc0    00000020     UNINITIALIZED
                  00006fc0    00000020     F2802x_GlobalVariableDefs.obj (GpioDataRegsFile)

GpioIntRegsFile 
*          1    00006fe0    0000000a     UNINITIALIZED
                  00006fe0    0000000a     F2802x_GlobalVariableDefs.obj (GpioIntRegsFile)

SysCtrlRegsFile 
*          1    00007010    0000001f     UNINITIALIZED
                  00007010    0000001f     F2802x_GlobalVariableDefs.obj (SysCtrlRegsFile)

SpiaRegsFile 
*          1    00007040    00000010     UNINITIALIZED
                  00007040    00000010     F2802x_GlobalVariableDefs.obj (SpiaRegsFile)

SciaRegsFile 
*          1    00007050    00000010     UNINITIALIZED
                  00007050    00000010     F2802x_GlobalVariableDefs.obj (SciaRegsFile)

NmiIntruptRegsFile 
*          1    00007060    00000010     UNINITIALIZED
                  00007060    00000010     F2802x_GlobalVariableDefs.obj (NmiIntruptRegsFile)

XIntruptRegsFile 
*          1    00007070    00000010     UNINITIALIZED
                  00007070    00000010     F2802x_GlobalVariableDefs.obj (XIntruptRegsFile)

AdcRegsFile 
*          1    00007100    00000051     UNINITIALIZED
                  00007100    00000051     F2802x_GlobalVariableDefs.obj (AdcRegsFile)

I2caRegsFile 
*          1    00007900    00000022     UNINITIALIZED
                  00007900    00000022     F2802x_GlobalVariableDefs.obj (I2caRegsFile)

PartIdRegsFile 
*          1    003d7fff    00000001     UNINITIALIZED
                  003d7fff    00000001     F2802x_GlobalVariableDefs.obj (PartIdRegsFile)

CsmPwlFile 
*          1    003f7ff8    00000008     UNINITIALIZED
                  003f7ff8    00000008     F2802x_GlobalVariableDefs.obj (CsmPwlFile)

.text      0    003f0077    00003026     
                  003f0077    00000c0d     xcp_daq.obj (.text)
                  003f0c84    00000481     xcp_mem_default.obj (.text)
                  003f1105    000003b5     xcp.obj (.text)
                  003f14ba    000002ea     xcp_transport.obj (.text)
                  003f17a4    0000022c     f2802x_adc.obj (.text)
                  003f19d0    00000225     xcp_standard.obj (.text)
                  003f1bf5    0000020f     xcp_frame_serial.obj (.text)
                  003f1e04    000001c4     xcp_ext_classic_trigger.obj (.text)
                  003f1fc8    00000197     xcp_ext_common.obj (.text)
                  003f215f    0000016e     xcp_ext_mode.obj (.text)
                  003f22cd    00000164     xcp_drv_rtiostream.obj (.text)
                  003f2431    00000141     MW_c28xGPIO.obj (.text)
                  003f2572    00000138     f2802x_sysctrl.obj (.text)
                  003f26aa    0000012d     rtiostream_serial_c28x_ext_xcp.obj (.text)
                  003f27d7    000000ff     f2802x_defaultisr.obj (.text:retain)
                  003f28d6    000000d2     xcp_calibration.obj (.text)
                  003f29a8    000000c2     ert_main.obj (.text)
                  003f2a6a    000000b9     datamodify_xcp.obj (.text)
                  003f2b23    000000b9     rul_data_acquisition_system.obj (.text)
                  003f2bdc    000000b7     MW_c28xx_adc.obj (.text)
                  003f2c93    00000073     f2802x_cputimers.obj (.text)
                  003f2d06    00000062     xcp_fifo.obj (.text)
                  003f2d68    0000005a     rts2800_ml.lib : fs_mpy28.asm.obj (.text)
                  003f2dc2    0000005a     xcp_utils.obj (.text)
                  003f2e1c    00000054     rts2800_ml.lib : boot28.asm.obj (.text)
                  003f2e70    0000004d     c2802xSchedulerTimer0.obj (.text)
                  003f2ebd    00000034     MW_c28xx_board.obj (.text)
                  003f2ef1    0000002b     c2802xSchedulerTimer0.obj (.text:retain)
                  003f2f1c    00000029     rts2800_ml.lib : exit.c.obj (.text)
                  003f2f45    00000029                    : fs_tol28.asm.obj (.text)
                  003f2f6e    00000028     f2802x_piectrl.obj (.text)
                  003f2f96    00000026     f2802x_pievect.obj (.text)
                  003f2fbc    00000024     rts2800_ml.lib : cpy_tbl.c.obj (.text)
                  003f2fe0    0000001f     xcp_ext_param_default_serial.obj (.text)
                  003f2fff    0000001d     rts2800_ml.lib : memcpy.c.obj (.text)
                  003f301c    00000017                    : fs_cmp28.asm.obj (.text)
                  003f3033    00000014     MW_c28xGlobalInterrupts.obj (.text)
                  003f3047    00000011     rts2800_ml.lib : args_main.c.obj (.text)
                  003f3058    00000010                    : u_tofs28.asm.obj (.text)
                  003f3068    0000000f     c2802xBoard_Realtime_Support.obj (.text)
                  003f3077    0000000b     rts2800_ml.lib : u_div28.asm.obj (.text)
                  003f3082    00000009                    : _lock.c.obj (.text)
                  003f308b    00000008     f2802x_codestartbranch.obj (.text)
                  003f3093    00000007     rts2800_ml.lib : memset.c.obj (.text)
                  003f309a    00000002                    : pre_init.c.obj (.text)
                  003f309c    00000001                    : startup.c.obj (.text)

.switch    0    003f337c    0000001e     
                  003f337c    0000001e     xcp.obj (.switch:_genericOutputPacketHandler)

.cinit     0    003f3220    0000015b     
                  003f3220    0000005b     xcp_ext_classic_trigger.obj (.cinit)
                  003f327b    0000004c     xcp_ext_common.obj (.cinit)
                  003f32c7    0000001e     xcp_daq.obj (.cinit)
                  003f32e5    00000014     xcp.obj (.cinit)
                  003f32f9    00000014     xcp_frame_serial.obj (.cinit)
                  003f330d    0000000f     xcp_standard.obj (.cinit)
                  003f331c    0000000e     rts2800_ml.lib : exit.c.obj (.cinit)
                  003f332a    00000009     xcp_mem_default.obj (.cinit:_xcpMemMainBlockSizes)
                  003f3333    00000009     xcp_mem_default.obj (.cinit:_xcpMemMainBlocksNumber)
                  003f333c    00000008     ert_main.obj (.cinit)
                  003f3344    00000008     xcp_drv_rtiostream.obj (.cinit)
                  003f334c    00000008     xcp_transport.obj (.cinit)
                  003f3354    00000005     rts2800_ml.lib : _lock.c.obj (.cinit:__lock)
                  003f3359    00000005                    : _lock.c.obj (.cinit:__unlock)
                  003f335e    00000005     xcp_ext_common.obj (.cinit:_xcpCurrentSimulationTimeInTicks)
                  003f3363    00000005     rtiostream_serial_c28x_ext_xcp.obj (.cinit)
                  003f3368    00000005     xcp_calibration.obj (.cinit)
                  003f336d    00000004     MW_c28xGPIO.obj (.cinit)
                  003f3371    00000004     MW_c28xGlobalInterrupts.obj (.cinit)
                  003f3375    00000004     rul_data_acquisition_system.obj (.cinit)
                  003f3379    00000002     --HOLE-- [fill = 0]

.pinit     0    003f0000    00000000     UNINITIALIZED

.econst    0    003f309e    00000182     
                  003f309e    00000100     f2802x_pievect.obj (.econst:_PieVectTableInit)
                  003f319e    00000048     xcp_daq.obj (.econst:_daqSupportedRxPacket)
                  003f31e6    0000002a     xcp_standard.obj (.econst:_standardSupportedRxPacket)
                  003f3210    0000000c     xcp_calibration.obj (.econst:_calibrationSupportedRxPacket)
                  003f321c    00000004     rul_data_acquisition_system.obj (.econst)

.reset     0    003fffc0    00000002     DSECT
                  003fffc0    00000002     rts2800_ml.lib : boot28.asm.obj (.reset)

.data      0    00008000    00000000     UNINITIALIZED

.stack     1    00000002    00000300     UNINITIALIZED
                  00000002    00000300     --HOLE--

codestart 
*          0    003f7ff6    00000002     
                  003f7ff6    00000002     f2802x_codestartbranch.obj (codestart)

ramfuncs   0    003f0000    00000077     RUN ADDR = 00008393
                  003f0000    0000002f     rtiostream_serial_c28x_ext_xcp.obj (ramfuncs:retain)
                  003f002f    00000029     datamodify_xcp.obj (ramfuncs)
                  003f0058    0000001b     f2802x_sysctrl.obj (ramfuncs)
                  003f0073    00000004     f2802x_usdelay.obj (ramfuncs)

MODULE SUMMARY

       Module                               code    initialized data   uninitialized data
       ------                               ----    ----------------   ------------------
    <current directory>
       xcp_daq.obj                          3085    102                24                
       xcp_mem_default.obj                  1153    18                 629               
       F2802x_GlobalVariableDefs.obj        0       0                  1022              
       xcp.obj                              949     50                 13                
       xcp_transport.obj                    746     8                  16                
       xcp_standard.obj                     549     57                 8                 
       xcp_ext_classic_trigger.obj          452     91                 28                
       f2802x_adc.obj                       556     0                  0                 
       xcp_frame_serial.obj                 527     20                 5                 
       xcp_ext_common.obj                   407     81                 34                
       rtiostream_serial_c28x_ext_xcp.obj   395     5                  2                 
       xcp_ext_mode.obj                     366     0                  4                 
       f2802x_sysctrl.obj                   366     0                  0                 
       xcp_drv_rtiostream.obj               356     8                  2                 
       datamodify_xcp.obj                   267     0                  66                
       MW_c28xGPIO.obj                      321     4                  1                 
       f2802x_pievect.obj                   38      256                0                 
       f2802x_defaultisr.obj                255     0                  0                 
       rul_data_acquisition_system.obj      185     8                  42                
       xcp_calibration.obj                  210     17                 2                 
       ert_main.obj                         194     8                  4                 
       MW_c28xx_adc.obj                     183     0                  0                 
       f2802x_cputimers.obj                 115     0                  24                
       c2802xSchedulerTimer0.obj            120     0                  0                 
       xcp_fifo.obj                         98      0                  0                 
       xcp_utils.obj                        90      0                  0                 
       MW_c28xx_board.obj                   52      0                  0                 
       f2802x_piectrl.obj                   40      0                  0                 
       xcp_ext_param_default_serial.obj     31      0                  0                 
       MW_c28xGlobalInterrupts.obj          20      4                  1                 
       c2802xBoard_Realtime_Support.obj     15      0                  0                 
       f2802x_codestartbranch.obj           10      0                  0                 
       f2802x_usdelay.obj                   8       0                  0                 
    +--+------------------------------------+-------+------------------+--------------------+
       Total:                               12159   737                1927              
                                                                                         
    C:/PROGRA~3/MATLAB/tic2000/3P778C~1.INS/TIC28X~1.INS/TI-CGT~1.LTS/lib/rts2800_ml.lib
       fs_mpy28.asm.obj                     90      0                  0                 
       boot28.asm.obj                       84      0                  0                 
       exit.c.obj                           41      14                 6                 
       fs_tol28.asm.obj                     41      0                  0                 
       cpy_tbl.c.obj                        36      0                  0                 
       memcpy.c.obj                         29      0                  0                 
       _lock.c.obj                          9       10                 4                 
       fs_cmp28.asm.obj                     23      0                  0                 
       args_main.c.obj                      17      0                  0                 
       u_tofs28.asm.obj                     16      0                  0                 
       u_div28.asm.obj                      11      0                  0                 
       memset.c.obj                         7       0                  0                 
       pre_init.c.obj                       2       0                  0                 
       startup.c.obj                        1       0                  0                 
    +--+------------------------------------+-------+------------------+--------------------+
       Total:                               407     24                 10                
                                                                                         
       Stack:                               0       0                  768               
    +--+------------------------------------+-------+------------------+--------------------+
       Grand Total:                         12566   761                2705              


GLOBAL DATA SYMBOLS: SORTED BY DATA PAGE

address     data page           name
--------    ----------------    ----
00000002       0 (00000000)     __stack

00000880      22 (00000880)     _DevEmuRegs

00000985      26 (00000980)     _SysPwrCtrlRegs

00000a80      2a (00000a80)     _FlashRegs

00000ae0      2b (00000ac0)     _CsmRegs

00000b00      2c (00000b00)     _AdcResult

00000c00      30 (00000c00)     _CpuTimer0Regs
00000c08      30 (00000c00)     _CpuTimer1Regs
00000c10      30 (00000c00)     _CpuTimer2Regs

00000ce0      33 (00000cc0)     _PieCtrlRegs

00000d00      34 (00000d00)     _EmuKey
00000d00      34 (00000d00)     _PieVectTable
00000d01      34 (00000d00)     _EmuBMode
00000d02      34 (00000d00)     _Flash_CallbackPtr
00000d04      34 (00000d00)     _Flash_CPUScaleFactor

00006400     190 (00006400)     _Comp1Regs
00006420     190 (00006400)     _Comp2Regs

00006800     1a0 (00006800)     _EPwm1Regs

00006840     1a1 (00006840)     _EPwm2Regs

00006880     1a2 (00006880)     _EPwm3Regs

000068c0     1a3 (000068c0)     _EPwm4Regs

00006a00     1a8 (00006a00)     _ECap1Regs

00006f80     1be (00006f80)     _GpioCtrlRegs

00006fc0     1bf (00006fc0)     _GpioDataRegs
00006fe0     1bf (00006fc0)     _GpioIntRegs

00007010     1c0 (00007000)     _SysCtrlRegs

00007040     1c1 (00007040)     _SpiaRegs
00007050     1c1 (00007040)     _SciaRegs
00007060     1c1 (00007040)     _NmiIntruptRegs
00007070     1c1 (00007040)     _XIntruptRegs

00007100     1c4 (00007100)     _AdcRegs

00007900     1e4 (00007900)     _I2caRegs

000081a6     206 (00008180)     _CpuTimer0
000081ae     206 (00008180)     _CpuTimer1
000081b6     206 (00008180)     _CpuTimer2
000081be     206 (00008180)     __lock

0000823f     208 (00008200)     _GPIO_oneTimeInit

00008240     209 (00008240)     _queRx

000082be     20a (00008280)     __unlock

000082c0     20b (000082c0)     _MW_adcInitFlag
000082c1     20b (000082c0)     _rul_data_acquisition_system_B

00008300     20c (00008300)     _xcpModelStartRequest
00008301     20c (00008300)     _xcpModelStopRequest
00008302     20c (00008300)     _xcpModelStatus
00008303     20c (00008300)     _xcpExtmodeSimulationComplete
00008306     20c (00008300)     _xcpModelChecksum0
00008308     20c (00008300)     _xcpModelChecksum1
0000830a     20c (00008300)     _xcpModelChecksum2
0000830c     20c (00008300)     _xcpModelChecksum3
0000830e     20c (00008300)     _xcpModelIntegerCode
00008310     20c (00008300)     _xcpExtmodeFinalSimulationTime
00008312     20c (00008300)     _xcpDummyDoubleVariable
0000831e     20c (00008300)     _xcpClassicTriggerEventId
0000831f     20c (00008300)     _xcpClassicTriggerSignalAddressExtension
00008320     20c (00008300)     _xcpClassicTriggerDirection
00008321     20c (00008300)     _xcpClassicTriggerArmRequest
00008322     20c (00008300)     _xcpClassicTriggerCancelRequest
00008323     20c (00008300)     _xcpClassicTriggerSource
00008324     20c (00008300)     _xcpClassicTriggerMode
00008325     20c (00008300)     _xcpClassicTriggerStatus
0000832c     20c (00008300)     _xcpClassicTriggerSignalAddress
0000832e     20c (00008300)     _xcpClassicTriggerLevel
00008330     20c (00008300)     _xcpClassicTriggerDuration
00008332     20c (00008300)     _xcpClassicTriggerHoldOff
00008334     20c (00008300)     _xcpClassicTriggerDelay

0000835e     20d (00008340)     ___TI_enable_exit_profile_output
00008360     20d (00008340)     ___TI_cleanup_ptr
00008362     20d (00008340)     ___TI_dtors_ptr
00008372     20d (00008340)     _xcpCurrentSimulationTimeInTicks

00008380     20e (00008380)     _IsrOverrun
00008382     20e (00008380)     _stopRequested
00008383     20e (00008380)     _runModel
0000838c     20e (00008380)     _MW_SCI_PTR
00008392     20e (00008380)     _MW_InterruptDisableLock

003d7fff    f5ff (003d7fc0)     _PartIdRegs

003f309e    fcc2 (003f3080)     _PieVectTableInit

003f321e    fcc8 (003f3200)     _rul_data_acquisition_system_M

003f7ff8    fdff (003f7fc0)     _CsmPwl


GLOBAL SYMBOLS: SORTED ALPHABETICALLY BY Name 

page  address   name                                            
----  -------   ----                                            
0     00008000  .bss                                            
0     00008000  .data                                           
0     003f0077  .text                                           
0     003f2f1c  C$$EXIT                                         
0     003f301c  FS$$CMP                                         
0     003f2d68  FS$$MPY                                         
0     003f2f45  FS$$TOL                                         
0     003f3077  U$$DIV                                          
0     003f307c  U$$MOD                                          
0     003f3058  U$$TOFS                                         
0     003f2836  _ADCINT1_ISR                                    
0     003f283b  _ADCINT2_ISR                                    
0     003f28a4  _ADCINT3_ISR                                    
0     003f28a9  _ADCINT4_ISR                                    
0     003f28ae  _ADCINT5_ISR                                    
0     003f28b3  _ADCINT6_ISR                                    
0     003f28b8  _ADCINT7_ISR                                    
0     003f28bd  _ADCINT8_ISR                                    
0     003f284a  _ADCINT9_ISR                                    
0     003f180b  _AdcChanSelect                                  
0     003f1880  _AdcConversion                                  
0     003f17e4  _AdcOffsetSelfCal                               
1     00007100  _AdcRegs                                        
1     00000b00  _AdcResult                                      
0     003f2ab3  _BytePacker16bits                               
0     003f2a8d  _BytePacker32bits                               
0     003f2a6a  _BytePackerInplace32bits                        
1     00006400  _Comp1Regs                                      
1     00006420  _Comp2Regs                                      
0     003f2cd4  _ConfigCpuTimer                                 
0     000081a6  _CpuTimer0                                      
1     00000c00  _CpuTimer0Regs                                  
0     000081ae  _CpuTimer1                                      
1     00000c08  _CpuTimer1Regs                                  
0     000081b6  _CpuTimer2                                      
1     00000c10  _CpuTimer2Regs                                  
1     003f7ff8  _CsmPwl                                         
1     00000ae0  _CsmRegs                                        
0     003f2624  _CsmUnlock                                      
0     003f27e1  _DATALOG_ISR                                    
0     00008406  _DSP28x_usDelay                                 
1     00000880  _DevEmuRegs                                     
0     003f2596  _DisableDog                                     
0     003f2881  _ECAP1_INT_ISR                                  
1     00006a00  _ECap1Regs                                      
0     003f28c7  _EMPTY_ISR                                      
0     003f27eb  _EMUINT_ISR                                     
0     003f286d  _EPWM1_INT_ISR                                  
0     003f2859  _EPWM1_TZINT_ISR                                
0     003f2872  _EPWM2_INT_ISR                                  
0     003f285e  _EPWM2_TZINT_ISR                                
0     003f2877  _EPWM3_INT_ISR                                  
0     003f2863  _EPWM3_TZINT_ISR                                
0     003f287c  _EPWM4_INT_ISR                                  
0     003f2868  _EPWM4_TZINT_ISR                                
1     00006800  _EPwm1Regs                                      
1     00006840  _EPwm2Regs                                      
1     00006880  _EPwm3Regs                                      
1     000068c0  _EPwm4Regs                                      
1     00000d01  _EmuBMode                                       
1     00000d00  _EmuKey                                         
0     003f2f8d  _EnableInterrupts                               
0     003f2694  _ExtOscSel                                      
1     00000a80  _FlashRegs                                      
1     00000d04  _Flash_CPUScaleFactor                           
1     00000d02  _Flash_CallbackPtr                              
0     003f2518  _GPIO_ReadPin                                   
0     003f2465  _GPIO_SetupPinMux                               
0     003f24a3  _GPIO_SetupPinOptions                           
0     003f254d  _GPIO_TogglePin                                 
0     003f252f  _GPIO_WritePin                                  
0     0000823f  _GPIO_oneTimeInit                               
1     00006f80  _GpioCtrlRegs                                   
1     00006fc0  _GpioDataRegs                                   
1     00006fe0  _GpioIntRegs                                    
0     003f2890  _I2CINT1A_ISR                                   
0     003f2895  _I2CINT2A_ISR                                   
1     00007900  _I2caRegs                                       
0     003f27f5  _ILLEGAL_ISR                                    
0     003f27d7  _INT13_ISR                                      
0     003f27dc  _INT14_ISR                                      
0     003f17a4  _InitAdc                                        
0     003f17c2  _InitAdcAio                                     
0     003f2c93  _InitCpuTimers                                  
0     000083eb  _InitFlash                                      
0     003f2438  _InitGpio                                       
0     003f25f2  _InitPeripheralClocks                           
0     003f2f6e  _InitPieCtrl                                    
0     003f2f96  _InitPieVectTable                               
0     003f259e  _InitPll                                        
0     003f2572  _InitSysCtrl                                    
0     003f2655  _IntOsc1Sel                                     
0     003f2665  _IntOsc2Sel                                     
0     00008380  _IsrOverrun                                     
0     00008392  _MW_InterruptDisableLock                        
0     0000838c  _MW_SCI_PTR                                     
0     000082c0  _MW_adcInitFlag                                 
0     003f27f0  _NMI_ISR                                        
1     00007060  _NmiIntruptRegs                                 
0     003f2431  _OneTimeGpioInit                                
0     003f28cc  _PIE_RESERVED                                   
1     003d7fff  _PartIdRegs                                     
1     00000ce0  _PieCtrlRegs                                    
1     00000d00  _PieVectTable                                   
0     003f309e  _PieVectTableInit                               
0     003f27e6  _RTOSINT_ISR                                    
0     003f0077  _RamfuncsLoadEnd                                
0     003f0000  _RamfuncsLoadStart                              
0     00008393  _RamfuncsRunStart                               
0     003f289a  _SCIRXINTA_ISR                                  
0     00008393  _SCIRXINT_isr                                   
0     003f289f  _SCITXINTA_ISR                                  
0     003f2886  _SPIRXINTA_ISR                                  
0     003f288b  _SPITXINTA_ISR                                  
1     00007050  _SciaRegs                                       
0     003f258c  _ServiceDog                                     
0     003f2564  _Set_GPIOPin                                    
1     00007040  _SpiaRegs                                       
1     00007010  _SysCtrlRegs                                    
1     00000985  _SysPwrCtrlRegs                                 
0     003f284f  _TINT0_ISR                                      
0     003f2ef1  _TINT0_isr                                      
0     003f2827  _USER10_ISR                                     
0     003f282c  _USER11_ISR                                     
0     003f2831  _USER12_ISR                                     
0     003f27fa  _USER1_ISR                                      
0     003f27ff  _USER2_ISR                                      
0     003f2804  _USER3_ISR                                      
0     003f2809  _USER4_ISR                                      
0     003f280e  _USER5_ISR                                      
0     003f2813  _USER6_ISR                                      
0     003f2818  _USER7_ISR                                      
0     003f281d  _USER8_ISR                                      
0     003f2822  _USER9_ISR                                      
0     003f2854  _WAKEINT_ISR                                    
0     003f2840  _XINT1_ISR                                      
0     003f2845  _XINT2_ISR                                      
0     003f28c2  _XINT3_ISR                                      
1     00007070  _XIntruptRegs                                   
0     003f2679  _XtalOscSel                                     
1     00000302  __STACK_END                                     
abs   00000300  __STACK_SIZE                                    
0     00008360  ___TI_cleanup_ptr                               
0     00008362  ___TI_dtors_ptr                                 
0     0000835e  ___TI_enable_exit_profile_output                
abs   ffffffff  ___TI_pprof_out_hndl                            
abs   ffffffff  ___TI_prof_data_size                            
abs   ffffffff  ___TI_prof_data_start                           
abs   ffffffff  ___binit__                                      
0     00008000  ___bss__                                        
abs   ffffffff  ___c_args__                                     
0     003f3220  ___cinit__                                      
0     00008000  ___data__                                       
0     00008000  ___edata__                                      
0     00008000  ___end__                                        
0     003f309d  ___etext__                                      
abs   ffffffff  ___pinit__                                      
0     003f0077  ___text__                                       
0     003f3047  __args_main                                     
0     000081be  __lock                                          
0     003f308a  __nop                                           
0     003f3086  __register_lock                                 
0     003f3082  __register_unlock                               
1     00000002  __stack                                         
0     003f309c  __system_post_cinit                             
0     003f309a  __system_pre_init                               
0     000082be  __unlock                                        
0     003f2f1c  _abort                                          
0     003f2afc  _addElement                                     
0     003f3068  _c2000_flash_init                               
0     003f2e1c  _c_int00                                        
0     003f2bdc  _config_ADC_SOC0                                
0     003f2c08  _config_ADC_SOC1                                
0     003f2c36  _config_ADC_SOC2                                
0     003f2c64  _config_ADC_SOC3                                
0     003f2e70  _configureTimer0                                
0     003f2fbc  _copy_in                                        
0     000083c2  _deleteElement                                  
0     003f2e9c  _disableTimer0Interrupt                         
0     003f2e94  _enableTimer0Interrupt                          
0     003f26aa  _enable_interrupts_sci                          
0     003f2f1e  _exit                                           
0     003f2259  _extmodeBackgroundRun                           
0     003f2212  _extmodeEvent                                   
0     003f229f  _extmodeGetEventTriggerEnable                   
0     003f2282  _extmodeGetFinalSimulationTime                  
0     003f2166  _extmodeInit                                    
0     003f215f  _extmodeParseArgs                               
0     003f2261  _extmodeReset                                   
0     003f22b9  _extmodeSetEventTriggerEnable                   
0     003f2297  _extmodeSetFinalSimulationTime                  
0     003f227e  _extmodeSimulationComplete                      
0     003f227a  _extmodeStartRequested                          
0     003f2276  _extmodeStopRequested                           
0     003f21c0  _extmodeWaitForHostRequest                      
0     003f122c  _genericOutputPacketHandler                     
0     003f303f  _globalInterruptDisable                         
0     003f3033  _globalInterruptEnable                          
0     003f2ad6  _initQue                                        
0     003f270f  _init_SCI_external_mode                         
0     003f2ebd  _init_board                                     
0     003f2ae3  _isEmpty                                        
0     003f2aef  _isFull                                         
0     003f29cb  _main                                           
0     003f2fff  _memcpy                                         
0     003f3093  _memset                                         
0     00008240  _queRx                                          
0     003f2eb2  _restoreTimer0Interrupt                         
0     003f28d1  _rsvd_ISR                                       
0     003f26d7  _rtIOStreamClose                                
0     003f26b9  _rtIOStreamOpen                                 
0     003f26f9  _rtIOStreamRecv                                 
0     003f26dd  _rtIOStreamSend                                 
0     003f26eb  _rtIOStreamSend8Bits                            
0     003f29a8  _rt_OneStep                                     
0     000082c1  _rul_data_acquisition_system_B                  
0     003f321e  _rul_data_acquisition_system_M                  
0     003f2b59  _rul_data_acquisition_system_initialize         
0     003f2b23  _rul_data_acquisition_system_step               
0     003f2bdb  _rul_data_acquisition_system_terminate          
0     00008383  _runModel                                       
0     003f2778  _sci_rcv_external_mode                          
0     003f27b6  _sci_xmit_external_mode                         
0     00008382  _stopRequested                                  
0     003f299b  _xcpCalibrationGetPacketLookup                  
0     003f2996  _xcpCalibrationInit                             
0     003f29a7  _xcpCalibrationReset                            
0     003f299f  _xcpCalibrationSetPacketLookup                  
0     00008321  _xcpClassicTriggerArmRequest                    
0     00008322  _xcpClassicTriggerCancelRequest                 
0     00008334  _xcpClassicTriggerDelay                         
0     00008320  _xcpClassicTriggerDirection                     
0     00008330  _xcpClassicTriggerDuration                      
0     0000831e  _xcpClassicTriggerEventId                       
0     00008332  _xcpClassicTriggerHoldOff                       
0     0000832e  _xcpClassicTriggerLevel                         
0     00008324  _xcpClassicTriggerMode                          
0     0000832c  _xcpClassicTriggerSignalAddress                 
0     0000831f  _xcpClassicTriggerSignalAddressExtension        
0     00008323  _xcpClassicTriggerSource                        
0     00008325  _xcpClassicTriggerStatus                        
0     00008372  _xcpCurrentSimulationTimeInTicks                
0     003f0a73  _xcpDaqEvent                                    
0     003f0ac6  _xcpDaqEventsFlush                              
0     003f0c82  _xcpDaqExtendedInit                             
0     003f0c83  _xcpDaqExtendedReset                            
0     003f0c61  _xcpDaqGetCustomPoolMemoryManager               
0     003f08de  _xcpDaqGetPacketLookup                          
0     003f08ce  _xcpDaqInit                                     
0     003f0b99  _xcpDaqLock                                     
0     003f0c42  _xcpDaqReset                                    
0     003f0c4b  _xcpDaqSetCustomPoolMemoryManager               
0     003f08e2  _xcpDaqSetPacketLookup                          
0     003f0ba2  _xcpDaqUnlock                                   
0     003f2416  _xcpDrvClose                                    
0     003f22e7  _xcpDrvIoctl                                    
0     003f22cd  _xcpDrvOpen                                     
0     003f2367  _xcpDrvRecv                                     
0     003f23d3  _xcpDrvRecvUnknownSize                          
0     003f22fb  _xcpDrvSend                                     
0     00008312  _xcpDummyDoubleVariable                         
0     003f13a1  _xcpEvent                                       
0     003f13b7  _xcpEventExternalTimestamp                      
0     003f13c9  _xcpEventNotificationReq                        
0     003f1f48  _xcpExtModeClassicTriggerEnabled                
0     003f1faa  _xcpExtModeClassicTriggerForceEnableStatusUpdate
0     003f1f39  _xcpExtModeClassicTriggerInit                   
0     003f1f88  _xcpExtModeClassicTriggerReset                  
0     003f2091  _xcpExtModeGetSimulationTime                    
0     003f2073  _xcpExtModeGetUpdatedTimestamp                  
0     003f2098  _xcpExtModeInit                                 
0     003f2fe0  _xcpExtModeParseArgs                            
0     003f2119  _xcpExtModeReset                                
0     003f20c0  _xcpExtModeRunBackground                        
0     003f206c  _xcpExtModeUpdateTime                           
0     00008310  _xcpExtmodeFinalSimulationTime                  
0     00008303  _xcpExtmodeSimulationComplete                   
0     003f2d1e  _xcpFifoDequeue                                 
0     003f2d59  _xcpFifoEmpty                                   
0     003f2d0f  _xcpFifoEnqueue                                 
0     003f2d32  _xcpFifoEnqueueHead                             
0     003f2d06  _xcpFifoInit                                    
0     003f2d62  _xcpFifoReset                                   
0     003f2d42  _xcpFifoSpliceHead                              
0     003f12c2  _xcpFindPacket                                  
0     003f1d3b  _xcpFrameCreateMsg                              
0     003f1d69  _xcpFrameExtractPacket                          
0     003f1dd7  _xcpFrameHeaderSize                             
0     003f1c1a  _xcpFrameInit                                   
0     003f1ddf  _xcpFrameMaxCtoSize                             
0     003f1ddb  _xcpFrameMaxDtoSize                             
0     003f1cb2  _xcpFrameMsgRecv                                
0     003f1c34  _xcpFrameMsgSend                                
0     003f1def  _xcpFrameReset                                  
0     003f1de1  _xcpFrameRestart                                
0     003f1de8  _xcpFrameSetCtoReservedMemPoolId                
0     003f1dd9  _xcpFrameTailSize                               
0     003f149b  _xcpGetCustomPoolMemoryManager                  
0     003f2ff2  _xcpGetInitParameters                           
0     003f147f  _xcpGetStatus                                   
0     003f207a  _xcpGetTimestamp                                
0     003f12e6  _xcpInit                                        
0     003f0d7a  _xcpMemAlloc                                    
0     003f104f  _xcpMemAllocFromPool                            
0     003f0fc5  _xcpMemCustomPoolCreate                         
0     003f101d  _xcpMemCustomPoolDestroy                        
0     003f0de5  _xcpMemFree                                     
0     003f0cb5  _xcpMemInit                                     
0     003f0e76  _xcpMemReservedPoolCreate                       
0     003f0f3d  _xcpMemReservedPoolDestroy                      
0     003f10ec  _xcpMemReset                                    
0     00008306  _xcpModelChecksum0                              
0     00008308  _xcpModelChecksum1                              
0     0000830a  _xcpModelChecksum2                              
0     0000830c  _xcpModelChecksum3                              
0     0000830e  _xcpModelIntegerCode                            
0     00008300  _xcpModelStartRequest                           
0     00008302  _xcpModelStatus                                 
0     00008301  _xcpModelStopRequest                            
0     003f14ae  _xcpPackedModeEventReset                        
0     003f14a7  _xcpPackedModeEventsFlush                       
0     003f1424  _xcpRemoteServiceReq                            
0     003f1483  _xcpReset                                       
0     003f0ba6  _xcpResetDaqListStatus                          
0     003f1219  _xcpResourceProtectionClearMask                 
0     003f120f  _xcpResourceProtectionSetMask                   
0     003f1204  _xcpResourceProtectionStatusGet                 
0     003f1208  _xcpResourceProtectionStatusSet                 
0     003f130c  _xcpRun                                         
0     003f1221  _xcpSessionConfigurationIdGet                   
0     003f1225  _xcpSessionConfigurationIdSet                   
0     003f11fc  _xcpSessionStatusClearMask                      
0     003f11e7  _xcpSessionStatusGet                            
0     003f11eb  _xcpSessionStatusSet                            
0     003f11f2  _xcpSessionStatusSetMask                        
0     003f1492  _xcpSetCustomPoolMemoryManager                  
0     003f2dc2  _xcpSortArray                                   
0     003f1bf3  _xcpStandardExtendedInit                        
0     003f1bf4  _xcpStandardExtendedReset                       
0     003f1bc8  _xcpStandardGetAddressFromMta                   
0     003f1bde  _xcpStandardGetMta                              
0     003f1bb6  _xcpStandardGetPacketLookup                     
0     003f1bea  _xcpStandardIncrementMta                        
0     003f1baf  _xcpStandardInit                                
0     003f1bc2  _xcpStandardReset                               
0     003f1bcc  _xcpStandardSetMta                              
0     003f1bba  _xcpStandardSetPacketLookup                     
0     003f11dc  _xcpStatusGet                                   
0     003f11e0  _xcpStatusSet                                   
0     003f1bff  _xcpSxiChecksum                                 
0     003f1760  _xcpTransportCtoReservedMemPoolId               
0     003f2fe5  _xcpTransportGetInitParameters                  
0     003f1520  _xcpTransportInit                               
0     003f1743  _xcpTransportMaxCtoSize                         
0     003f1740  _xcpTransportMaxDtoSize                         
0     003f1717  _xcpTransportMsgBufferSize                      
0     003f170b  _xcpTransportPacketOffset                       
0     003f1764  _xcpTransportReset                              
0     003f1746  _xcpTransportRestart                            
0     003f1754  _xcpTransportResynch                            
0     003f166d  _xcpTransportRx                                 
0     003f16a4  _xcpTransportRxPacketGet                        
0     003f15f2  _xcpTransportTx                                 
0     003f1586  _xcpTransportTxPacketSet                        
0     003f157a  _xcpTransportTxReady                            
0     003f1580  _xcpTransportTxTrigger                          
0     003f1fc8  _xcp_void_printf                                
abs   ffffffff  binit                                           
0     003f3220  cinit                                           
0     003f7ff6  code_start                                      
0     00008000  edata                                           
0     00008000  end                                             
0     003f309d  etext                                           
abs   ffffffff  pinit                                           


GLOBAL SYMBOLS: SORTED BY Symbol Address 

page  address   name                                            
----  -------   ----                                            
0     00008000  .bss                                            
0     00008000  .data                                           
0     00008000  ___bss__                                        
0     00008000  ___data__                                       
0     00008000  ___edata__                                      
0     00008000  ___end__                                        
0     00008000  edata                                           
0     00008000  end                                             
0     000081a6  _CpuTimer0                                      
0     000081ae  _CpuTimer1                                      
0     000081b6  _CpuTimer2                                      
0     000081be  __lock                                          
0     0000823f  _GPIO_oneTimeInit                               
0     00008240  _queRx                                          
0     000082be  __unlock                                        
0     000082c0  _MW_adcInitFlag                                 
0     000082c1  _rul_data_acquisition_system_B                  
0     00008300  _xcpModelStartRequest                           
0     00008301  _xcpModelStopRequest                            
0     00008302  _xcpModelStatus                                 
0     00008303  _xcpExtmodeSimulationComplete                   
0     00008306  _xcpModelChecksum0                              
0     00008308  _xcpModelChecksum1                              
0     0000830a  _xcpModelChecksum2                              
0     0000830c  _xcpModelChecksum3                              
0     0000830e  _xcpModelIntegerCode                            
0     00008310  _xcpExtmodeFinalSimulationTime                  
0     00008312  _xcpDummyDoubleVariable                         
0     0000831e  _xcpClassicTriggerEventId                       
0     0000831f  _xcpClassicTriggerSignalAddressExtension        
0     00008320  _xcpClassicTriggerDirection                     
0     00008321  _xcpClassicTriggerArmRequest                    
0     00008322  _xcpClassicTriggerCancelRequest                 
0     00008323  _xcpClassicTriggerSource                        
0     00008324  _xcpClassicTriggerMode                          
0     00008325  _xcpClassicTriggerStatus                        
0     0000832c  _xcpClassicTriggerSignalAddress                 
0     0000832e  _xcpClassicTriggerLevel                         
0     00008330  _xcpClassicTriggerDuration                      
0     00008332  _xcpClassicTriggerHoldOff                       
0     00008334  _xcpClassicTriggerDelay                         
0     0000835e  ___TI_enable_exit_profile_output                
0     00008360  ___TI_cleanup_ptr                               
0     00008362  ___TI_dtors_ptr                                 
0     00008372  _xcpCurrentSimulationTimeInTicks                
0     00008380  _IsrOverrun                                     
0     00008382  _stopRequested                                  
0     00008383  _runModel                                       
0     0000838c  _MW_SCI_PTR                                     
0     00008392  _MW_InterruptDisableLock                        
0     00008393  _RamfuncsRunStart                               
0     00008393  _SCIRXINT_isr                                   
0     000083c2  _deleteElement                                  
0     000083eb  _InitFlash                                      
0     00008406  _DSP28x_usDelay                                 
0     003f0000  _RamfuncsLoadStart                              
0     003f0077  .text                                           
0     003f0077  _RamfuncsLoadEnd                                
0     003f0077  ___text__                                       
0     003f08ce  _xcpDaqInit                                     
0     003f08de  _xcpDaqGetPacketLookup                          
0     003f08e2  _xcpDaqSetPacketLookup                          
0     003f0a73  _xcpDaqEvent                                    
0     003f0ac6  _xcpDaqEventsFlush                              
0     003f0b99  _xcpDaqLock                                     
0     003f0ba2  _xcpDaqUnlock                                   
0     003f0ba6  _xcpResetDaqListStatus                          
0     003f0c42  _xcpDaqReset                                    
0     003f0c4b  _xcpDaqSetCustomPoolMemoryManager               
0     003f0c61  _xcpDaqGetCustomPoolMemoryManager               
0     003f0c82  _xcpDaqExtendedInit                             
0     003f0c83  _xcpDaqExtendedReset                            
0     003f0cb5  _xcpMemInit                                     
0     003f0d7a  _xcpMemAlloc                                    
0     003f0de5  _xcpMemFree                                     
0     003f0e76  _xcpMemReservedPoolCreate                       
0     003f0f3d  _xcpMemReservedPoolDestroy                      
0     003f0fc5  _xcpMemCustomPoolCreate                         
0     003f101d  _xcpMemCustomPoolDestroy                        
0     003f104f  _xcpMemAllocFromPool                            
0     003f10ec  _xcpMemReset                                    
0     003f11dc  _xcpStatusGet                                   
0     003f11e0  _xcpStatusSet                                   
0     003f11e7  _xcpSessionStatusGet                            
0     003f11eb  _xcpSessionStatusSet                            
0     003f11f2  _xcpSessionStatusSetMask                        
0     003f11fc  _xcpSessionStatusClearMask                      
0     003f1204  _xcpResourceProtectionStatusGet                 
0     003f1208  _xcpResourceProtectionStatusSet                 
0     003f120f  _xcpResourceProtectionSetMask                   
0     003f1219  _xcpResourceProtectionClearMask                 
0     003f1221  _xcpSessionConfigurationIdGet                   
0     003f1225  _xcpSessionConfigurationIdSet                   
0     003f122c  _genericOutputPacketHandler                     
0     003f12c2  _xcpFindPacket                                  
0     003f12e6  _xcpInit                                        
0     003f130c  _xcpRun                                         
0     003f13a1  _xcpEvent                                       
0     003f13b7  _xcpEventExternalTimestamp                      
0     003f13c9  _xcpEventNotificationReq                        
0     003f1424  _xcpRemoteServiceReq                            
0     003f147f  _xcpGetStatus                                   
0     003f1483  _xcpReset                                       
0     003f1492  _xcpSetCustomPoolMemoryManager                  
0     003f149b  _xcpGetCustomPoolMemoryManager                  
0     003f14a7  _xcpPackedModeEventsFlush                       
0     003f14ae  _xcpPackedModeEventReset                        
0     003f1520  _xcpTransportInit                               
0     003f157a  _xcpTransportTxReady                            
0     003f1580  _xcpTransportTxTrigger                          
0     003f1586  _xcpTransportTxPacketSet                        
0     003f15f2  _xcpTransportTx                                 
0     003f166d  _xcpTransportRx                                 
0     003f16a4  _xcpTransportRxPacketGet                        
0     003f170b  _xcpTransportPacketOffset                       
0     003f1717  _xcpTransportMsgBufferSize                      
0     003f1740  _xcpTransportMaxDtoSize                         
0     003f1743  _xcpTransportMaxCtoSize                         
0     003f1746  _xcpTransportRestart                            
0     003f1754  _xcpTransportResynch                            
0     003f1760  _xcpTransportCtoReservedMemPoolId               
0     003f1764  _xcpTransportReset                              
0     003f17a4  _InitAdc                                        
0     003f17c2  _InitAdcAio                                     
0     003f17e4  _AdcOffsetSelfCal                               
0     003f180b  _AdcChanSelect                                  
0     003f1880  _AdcConversion                                  
0     003f1baf  _xcpStandardInit                                
0     003f1bb6  _xcpStandardGetPacketLookup                     
0     003f1bba  _xcpStandardSetPacketLookup                     
0     003f1bc2  _xcpStandardReset                               
0     003f1bc8  _xcpStandardGetAddressFromMta                   
0     003f1bcc  _xcpStandardSetMta                              
0     003f1bde  _xcpStandardGetMta                              
0     003f1bea  _xcpStandardIncrementMta                        
0     003f1bf3  _xcpStandardExtendedInit                        
0     003f1bf4  _xcpStandardExtendedReset                       
0     003f1bff  _xcpSxiChecksum                                 
0     003f1c1a  _xcpFrameInit                                   
0     003f1c34  _xcpFrameMsgSend                                
0     003f1cb2  _xcpFrameMsgRecv                                
0     003f1d3b  _xcpFrameCreateMsg                              
0     003f1d69  _xcpFrameExtractPacket                          
0     003f1dd7  _xcpFrameHeaderSize                             
0     003f1dd9  _xcpFrameTailSize                               
0     003f1ddb  _xcpFrameMaxDtoSize                             
0     003f1ddf  _xcpFrameMaxCtoSize                             
0     003f1de1  _xcpFrameRestart                                
0     003f1de8  _xcpFrameSetCtoReservedMemPoolId                
0     003f1def  _xcpFrameReset                                  
0     003f1f39  _xcpExtModeClassicTriggerInit                   
0     003f1f48  _xcpExtModeClassicTriggerEnabled                
0     003f1f88  _xcpExtModeClassicTriggerReset                  
0     003f1faa  _xcpExtModeClassicTriggerForceEnableStatusUpdate
0     003f1fc8  _xcp_void_printf                                
0     003f206c  _xcpExtModeUpdateTime                           
0     003f2073  _xcpExtModeGetUpdatedTimestamp                  
0     003f207a  _xcpGetTimestamp                                
0     003f2091  _xcpExtModeGetSimulationTime                    
0     003f2098  _xcpExtModeInit                                 
0     003f20c0  _xcpExtModeRunBackground                        
0     003f2119  _xcpExtModeReset                                
0     003f215f  _extmodeParseArgs                               
0     003f2166  _extmodeInit                                    
0     003f21c0  _extmodeWaitForHostRequest                      
0     003f2212  _extmodeEvent                                   
0     003f2259  _extmodeBackgroundRun                           
0     003f2261  _extmodeReset                                   
0     003f2276  _extmodeStopRequested                           
0     003f227a  _extmodeStartRequested                          
0     003f227e  _extmodeSimulationComplete                      
0     003f2282  _extmodeGetFinalSimulationTime                  
0     003f2297  _extmodeSetFinalSimulationTime                  
0     003f229f  _extmodeGetEventTriggerEnable                   
0     003f22b9  _extmodeSetEventTriggerEnable                   
0     003f22cd  _xcpDrvOpen                                     
0     003f22e7  _xcpDrvIoctl                                    
0     003f22fb  _xcpDrvSend                                     
0     003f2367  _xcpDrvRecv                                     
0     003f23d3  _xcpDrvRecvUnknownSize                          
0     003f2416  _xcpDrvClose                                    
0     003f2431  _OneTimeGpioInit                                
0     003f2438  _InitGpio                                       
0     003f2465  _GPIO_SetupPinMux                               
0     003f24a3  _GPIO_SetupPinOptions                           
0     003f2518  _GPIO_ReadPin                                   
0     003f252f  _GPIO_WritePin                                  
0     003f254d  _GPIO_TogglePin                                 
0     003f2564  _Set_GPIOPin                                    
0     003f2572  _InitSysCtrl                                    
0     003f258c  _ServiceDog                                     
0     003f2596  _DisableDog                                     
0     003f259e  _InitPll                                        
0     003f25f2  _InitPeripheralClocks                           
0     003f2624  _CsmUnlock                                      
0     003f2655  _IntOsc1Sel                                     
0     003f2665  _IntOsc2Sel                                     
0     003f2679  _XtalOscSel                                     
0     003f2694  _ExtOscSel                                      
0     003f26aa  _enable_interrupts_sci                          
0     003f26b9  _rtIOStreamOpen                                 
0     003f26d7  _rtIOStreamClose                                
0     003f26dd  _rtIOStreamSend                                 
0     003f26eb  _rtIOStreamSend8Bits                            
0     003f26f9  _rtIOStreamRecv                                 
0     003f270f  _init_SCI_external_mode                         
0     003f2778  _sci_rcv_external_mode                          
0     003f27b6  _sci_xmit_external_mode                         
0     003f27d7  _INT13_ISR                                      
0     003f27dc  _INT14_ISR                                      
0     003f27e1  _DATALOG_ISR                                    
0     003f27e6  _RTOSINT_ISR                                    
0     003f27eb  _EMUINT_ISR                                     
0     003f27f0  _NMI_ISR                                        
0     003f27f5  _ILLEGAL_ISR                                    
0     003f27fa  _USER1_ISR                                      
0     003f27ff  _USER2_ISR                                      
0     003f2804  _USER3_ISR                                      
0     003f2809  _USER4_ISR                                      
0     003f280e  _USER5_ISR                                      
0     003f2813  _USER6_ISR                                      
0     003f2818  _USER7_ISR                                      
0     003f281d  _USER8_ISR                                      
0     003f2822  _USER9_ISR                                      
0     003f2827  _USER10_ISR                                     
0     003f282c  _USER11_ISR                                     
0     003f2831  _USER12_ISR                                     
0     003f2836  _ADCINT1_ISR                                    
0     003f283b  _ADCINT2_ISR                                    
0     003f2840  _XINT1_ISR                                      
0     003f2845  _XINT2_ISR                                      
0     003f284a  _ADCINT9_ISR                                    
0     003f284f  _TINT0_ISR                                      
0     003f2854  _WAKEINT_ISR                                    
0     003f2859  _EPWM1_TZINT_ISR                                
0     003f285e  _EPWM2_TZINT_ISR                                
0     003f2863  _EPWM3_TZINT_ISR                                
0     003f2868  _EPWM4_TZINT_ISR                                
0     003f286d  _EPWM1_INT_ISR                                  
0     003f2872  _EPWM2_INT_ISR                                  
0     003f2877  _EPWM3_INT_ISR                                  
0     003f287c  _EPWM4_INT_ISR                                  
0     003f2881  _ECAP1_INT_ISR                                  
0     003f2886  _SPIRXINTA_ISR                                  
0     003f288b  _SPITXINTA_ISR                                  
0     003f2890  _I2CINT1A_ISR                                   
0     003f2895  _I2CINT2A_ISR                                   
0     003f289a  _SCIRXINTA_ISR                                  
0     003f289f  _SCITXINTA_ISR                                  
0     003f28a4  _ADCINT3_ISR                                    
0     003f28a9  _ADCINT4_ISR                                    
0     003f28ae  _ADCINT5_ISR                                    
0     003f28b3  _ADCINT6_ISR                                    
0     003f28b8  _ADCINT7_ISR                                    
0     003f28bd  _ADCINT8_ISR                                    
0     003f28c2  _XINT3_ISR                                      
0     003f28c7  _EMPTY_ISR                                      
0     003f28cc  _PIE_RESERVED                                   
0     003f28d1  _rsvd_ISR                                       
0     003f2996  _xcpCalibrationInit                             
0     003f299b  _xcpCalibrationGetPacketLookup                  
0     003f299f  _xcpCalibrationSetPacketLookup                  
0     003f29a7  _xcpCalibrationReset                            
0     003f29a8  _rt_OneStep                                     
0     003f29cb  _main                                           
0     003f2a6a  _BytePackerInplace32bits                        
0     003f2a8d  _BytePacker32bits                               
0     003f2ab3  _BytePacker16bits                               
0     003f2ad6  _initQue                                        
0     003f2ae3  _isEmpty                                        
0     003f2aef  _isFull                                         
0     003f2afc  _addElement                                     
0     003f2b23  _rul_data_acquisition_system_step               
0     003f2b59  _rul_data_acquisition_system_initialize         
0     003f2bdb  _rul_data_acquisition_system_terminate          
0     003f2bdc  _config_ADC_SOC0                                
0     003f2c08  _config_ADC_SOC1                                
0     003f2c36  _config_ADC_SOC2                                
0     003f2c64  _config_ADC_SOC3                                
0     003f2c93  _InitCpuTimers                                  
0     003f2cd4  _ConfigCpuTimer                                 
0     003f2d06  _xcpFifoInit                                    
0     003f2d0f  _xcpFifoEnqueue                                 
0     003f2d1e  _xcpFifoDequeue                                 
0     003f2d32  _xcpFifoEnqueueHead                             
0     003f2d42  _xcpFifoSpliceHead                              
0     003f2d59  _xcpFifoEmpty                                   
0     003f2d62  _xcpFifoReset                                   
0     003f2d68  FS$$MPY                                         
0     003f2dc2  _xcpSortArray                                   
0     003f2e1c  _c_int00                                        
0     003f2e70  _configureTimer0                                
0     003f2e94  _enableTimer0Interrupt                          
0     003f2e9c  _disableTimer0Interrupt                         
0     003f2eb2  _restoreTimer0Interrupt                         
0     003f2ebd  _init_board                                     
0     003f2ef1  _TINT0_isr                                      
0     003f2f1c  C$$EXIT                                         
0     003f2f1c  _abort                                          
0     003f2f1e  _exit                                           
0     003f2f45  FS$$TOL                                         
0     003f2f6e  _InitPieCtrl                                    
0     003f2f8d  _EnableInterrupts                               
0     003f2f96  _InitPieVectTable                               
0     003f2fbc  _copy_in                                        
0     003f2fe0  _xcpExtModeParseArgs                            
0     003f2fe5  _xcpTransportGetInitParameters                  
0     003f2ff2  _xcpGetInitParameters                           
0     003f2fff  _memcpy                                         
0     003f301c  FS$$CMP                                         
0     003f3033  _globalInterruptEnable                          
0     003f303f  _globalInterruptDisable                         
0     003f3047  __args_main                                     
0     003f3058  U$$TOFS                                         
0     003f3068  _c2000_flash_init                               
0     003f3077  U$$DIV                                          
0     003f307c  U$$MOD                                          
0     003f3082  __register_unlock                               
0     003f3086  __register_lock                                 
0     003f308a  __nop                                           
0     003f3093  _memset                                         
0     003f309a  __system_pre_init                               
0     003f309c  __system_post_cinit                             
0     003f309d  ___etext__                                      
0     003f309d  etext                                           
0     003f309e  _PieVectTableInit                               
0     003f321e  _rul_data_acquisition_system_M                  
0     003f3220  ___cinit__                                      
0     003f3220  cinit                                           
0     003f7ff6  code_start                                      
1     00000002  __stack                                         
1     00000302  __STACK_END                                     
1     00000880  _DevEmuRegs                                     
1     00000985  _SysPwrCtrlRegs                                 
1     00000a80  _FlashRegs                                      
1     00000ae0  _CsmRegs                                        
1     00000b00  _AdcResult                                      
1     00000c00  _CpuTimer0Regs                                  
1     00000c08  _CpuTimer1Regs                                  
1     00000c10  _CpuTimer2Regs                                  
1     00000ce0  _PieCtrlRegs                                    
1     00000d00  _EmuKey                                         
1     00000d00  _PieVectTable                                   
1     00000d01  _EmuBMode                                       
1     00000d02  _Flash_CallbackPtr                              
1     00000d04  _Flash_CPUScaleFactor                           
1     00006400  _Comp1Regs                                      
1     00006420  _Comp2Regs                                      
1     00006800  _EPwm1Regs                                      
1     00006840  _EPwm2Regs                                      
1     00006880  _EPwm3Regs                                      
1     000068c0  _EPwm4Regs                                      
1     00006a00  _ECap1Regs                                      
1     00006f80  _GpioCtrlRegs                                   
1     00006fc0  _GpioDataRegs                                   
1     00006fe0  _GpioIntRegs                                    
1     00007010  _SysCtrlRegs                                    
1     00007040  _SpiaRegs                                       
1     00007050  _SciaRegs                                       
1     00007060  _NmiIntruptRegs                                 
1     00007070  _XIntruptRegs                                   
1     00007100  _AdcRegs                                        
1     00007900  _I2caRegs                                       
1     003d7fff  _PartIdRegs                                     
1     003f7ff8  _CsmPwl                                         
abs   00000300  __STACK_SIZE                                    
abs   ffffffff  ___TI_pprof_out_hndl                            
abs   ffffffff  ___TI_prof_data_size                            
abs   ffffffff  ___TI_prof_data_start                           
abs   ffffffff  ___binit__                                      
abs   ffffffff  ___c_args__                                     
abs   ffffffff  ___pinit__                                      
abs   ffffffff  binit                                           
abs   ffffffff  pinit                                           

[374 symbols]
