******************************************************************************
             TMS320C2000 Linker PC v22.6.1                     
******************************************************************************
>> Linked Wed Aug 14 21:40:27 2024

OUTPUT FILE NAME:   <solar_emulator.out>
ENTRY POINT SYMBOL: "_c_int00"  address: 00008120


MEMORY CONFIGURATION

         name            origin    length      used     unused   attr    fill
----------------------  --------  ---------  --------  --------  ----  --------
PAGE 0:
  BEGIN                 00000000   00000002  00000002  00000000  RWIX
  RAMM0                 00000050   000003b0  0000009c  00000314  RWIX
  PRAML0                00008000   00000900  00000227  000006d9  RWIX
  IQTABLES              003fe000   00000b50  00000000  00000b50  RWIX
  IQTABLES2             003feb50   0000008c  00000000  0000008c  RWIX
  IQTABLES3             003febdc   000000aa  00000000  000000aa  RWIX
  BOOTROM               003ff27c   00000d44  00000000  00000d44  RWIX
  RESET                 003fffc0   00000002  00000000  00000002  RWIX

PAGE 1:
  BOOT_RSVD             00000002   0000004e  0000004e  00000000  RWIX
  RAMM1                 00000400   00000400  00000400  00000000  RWIX
  DRAML0                00008900   00000700  000002ba  00000446  RWIX


SECTION ALLOCATION MAP

 output                                  attributes/
section   page    origin      length       input sections
--------  ----  ----------  ----------   ----------------
codestart 
*          0    00000000    00000002     
                  00000000    00000002     driverlib.lib : F2802x_asmfuncs.obj (codestart)

.cinit     0    00000050    0000001a     
                  00000050    0000000e     rts2800_ml.lib : exit.c.obj (.cinit)
                  0000005e    00000005                    : _lock.c.obj (.cinit:__lock)
                  00000063    00000005                    : _lock.c.obj (.cinit:__unlock)
                  00000068    00000002     --HOLE-- [fill = 0]

csm_rsvd   0    0000006a    00000076     
                  0000006a    00000076     driverlib.lib : F2802x_asmfuncs.obj (csm_rsvd)

csmpasswds 
*          0    000000e0    00000008     
                  000000e0    00000008     driverlib.lib : F2802x_asmfuncs.obj (csmpasswds)

.text      0    00008000    00000227     
                  00008000    000000c6     battery_data_acquisiition.obj (.text)
                  000080c6    0000005a     rts2800_ml.lib : fs_mpy28.asm.obj (.text)
                  00008120    00000054                    : boot28.asm.obj (.text)
                  00008174    00000029                    : exit.c.obj (.text)
                  0000819d    00000024                    : cpy_tbl.c.obj (.text)
                  000081c1    0000001d                    : memcpy.c.obj (.text)
                  000081de    0000001a                    : i_tofs28.asm.obj (.text)
                  000081f8    00000012     driverlib.lib : F2802x_asmfuncs.obj (.text)
                  0000820a    00000011     rts2800_ml.lib : args_main.c.obj (.text)
                  0000821b    00000009                    : _lock.c.obj (.text)
                  00008224    00000002                    : pre_init.c.obj (.text)
                  00008226    00000001                    : startup.c.obj (.text)

.pinit     0    00000050    00000000     UNINITIALIZED

.reset     0    003fffc0    00000002     DSECT
                  003fffc0    00000002     rts2800_ml.lib : boot28.asm.obj (.reset)

I2caRegsFile 
*          1    00000002    00000022     UNINITIALIZED
                  00000002    00000022     driverlib.lib : F2802x_GlobalVariableDefs.obj (I2caRegsFile)

PieCtrlRegsFile 
*          1    00000024    0000001a     UNINITIALIZED
                  00000024    0000001a     driverlib.lib : F2802x_GlobalVariableDefs.obj (PieCtrlRegsFile)

FlashCallbackVar 
*          1    0000003e    00000002     UNINITIALIZED
                  0000003e    00000002     driverlib.lib : F2802x_GlobalVariableDefs.obj (FlashCallbackVar)

CsmRegsFile 
*          1    00000040    00000010     UNINITIALIZED
                  00000040    00000010     driverlib.lib : F2802x_GlobalVariableDefs.obj (CsmRegsFile)

.stack     1    00000400    00000300     UNINITIALIZED
                  00000400    00000300     --HOLE--

.ebss      1    00008900    0000000a     UNINITIALIZED
                  00008900    00000006     rts2800_ml.lib : exit.c.obj (.ebss)
                  00008906    00000002                    : _lock.c.obj (.ebss:__lock)
                  00008908    00000002                    : _lock.c.obj (.ebss:__unlock)

ramfuncs   0    000000e8    00000004     
                  000000e8    00000004     driverlib.lib : F2802x_asmfuncs.obj (ramfuncs)

PieVectTableFile 
*          1    00000700    00000100     UNINITIALIZED
                  00000700    00000100     driverlib.lib : F2802x_GlobalVariableDefs.obj (PieVectTableFile)

AdcResultFile 
*          1    0000890a    00000020     UNINITIALIZED
                  0000890a    00000020     driverlib.lib : F2802x_GlobalVariableDefs.obj (AdcResultFile)

Comp1RegsFile 
*          1    0000892a    00000011     UNINITIALIZED
                  0000892a    00000011     driverlib.lib : F2802x_GlobalVariableDefs.obj (Comp1RegsFile)

EmuBModeVar 
*          1    0000893b    00000001     UNINITIALIZED
                  0000893b    00000001     driverlib.lib : F2802x_GlobalVariableDefs.obj (EmuBModeVar)

DevEmuRegsFile 
*          1    0000893c    00000004     UNINITIALIZED
                  0000893c    00000004     driverlib.lib : F2802x_GlobalVariableDefs.obj (DevEmuRegsFile)

AdcRegsFile 
*          1    00008940    00000051     UNINITIALIZED
                  00008940    00000051     driverlib.lib : F2802x_GlobalVariableDefs.obj (AdcRegsFile)

EmuKeyVar 
*          1    00008991    00000001     UNINITIALIZED
                  00008991    00000001     driverlib.lib : F2802x_GlobalVariableDefs.obj (EmuKeyVar)

ECap1RegsFile 
*          1    00008992    00000020     UNINITIALIZED
                  00008992    00000020     driverlib.lib : F2802x_GlobalVariableDefs.obj (ECap1RegsFile)

GpioIntRegsFile 
*          1    000089b2    0000000a     UNINITIALIZED
                  000089b2    0000000a     driverlib.lib : F2802x_GlobalVariableDefs.obj (GpioIntRegsFile)

SysPwrCtrlRegsFile 
*          1    000089bc    00000003     UNINITIALIZED
                  000089bc    00000003     driverlib.lib : F2802x_GlobalVariableDefs.obj (SysPwrCtrlRegsFile)

PartIdRegsFile 
*          1    000089bf    00000001     UNINITIALIZED
                  000089bf    00000001     driverlib.lib : F2802x_GlobalVariableDefs.obj (PartIdRegsFile)

EPwm1RegsFile 
*          1    000089c0    00000040     UNINITIALIZED
                  000089c0    00000040     driverlib.lib : F2802x_GlobalVariableDefs.obj (EPwm1RegsFile)

EPwm2RegsFile 
*          1    00008a00    00000040     UNINITIALIZED
                  00008a00    00000040     driverlib.lib : F2802x_GlobalVariableDefs.obj (EPwm2RegsFile)

EPwm3RegsFile 
*          1    00008a40    00000040     UNINITIALIZED
                  00008a40    00000040     driverlib.lib : F2802x_GlobalVariableDefs.obj (EPwm3RegsFile)

EPwm4RegsFile 
*          1    00008a80    00000040     UNINITIALIZED
                  00008a80    00000040     driverlib.lib : F2802x_GlobalVariableDefs.obj (EPwm4RegsFile)

GpioCtrlRegsFile 
*          1    00008ac0    00000040     UNINITIALIZED
                  00008ac0    00000040     driverlib.lib : F2802x_GlobalVariableDefs.obj (GpioCtrlRegsFile)

GpioDataRegsFile 
*          1    00008b00    00000020     UNINITIALIZED
                  00008b00    00000020     driverlib.lib : F2802x_GlobalVariableDefs.obj (GpioDataRegsFile)

SysCtrlRegsFile 
*          1    00008b20    0000001f     UNINITIALIZED
                  00008b20    0000001f     driverlib.lib : F2802x_GlobalVariableDefs.obj (SysCtrlRegsFile)

Comp2RegsFile 
*          1    00008b40    00000011     UNINITIALIZED
                  00008b40    00000011     driverlib.lib : F2802x_GlobalVariableDefs.obj (Comp2RegsFile)

NmiIntruptRegsFile 
*          1    00008b51    00000010     UNINITIALIZED
                  00008b51    00000010     driverlib.lib : F2802x_GlobalVariableDefs.obj (NmiIntruptRegsFile)

SciaRegsFile 
*          1    00008b61    00000010     UNINITIALIZED
                  00008b61    00000010     driverlib.lib : F2802x_GlobalVariableDefs.obj (SciaRegsFile)

CpuTimer0RegsFile 
*          1    00008b72    00000008     UNINITIALIZED
                  00008b72    00000008     driverlib.lib : F2802x_GlobalVariableDefs.obj (CpuTimer0RegsFile)

FlashScalingVar 
*          1    00008b7a    00000002     UNINITIALIZED
                  00008b7a    00000002     driverlib.lib : F2802x_GlobalVariableDefs.obj (FlashScalingVar)

SpiaRegsFile 
*          1    00008b80    00000010     UNINITIALIZED
                  00008b80    00000010     driverlib.lib : F2802x_GlobalVariableDefs.obj (SpiaRegsFile)

XIntruptRegsFile 
*          1    00008b90    00000010     UNINITIALIZED
                  00008b90    00000010     driverlib.lib : F2802x_GlobalVariableDefs.obj (XIntruptRegsFile)

CpuTimer1RegsFile 
*          1    00008ba0    00000008     UNINITIALIZED
                  00008ba0    00000008     driverlib.lib : F2802x_GlobalVariableDefs.obj (CpuTimer1RegsFile)

CpuTimer2RegsFile 
*          1    00008ba8    00000008     UNINITIALIZED
                  00008ba8    00000008     driverlib.lib : F2802x_GlobalVariableDefs.obj (CpuTimer2RegsFile)

CsmPwlFile 
*          1    00008bb0    00000008     UNINITIALIZED
                  00008bb0    00000008     driverlib.lib : F2802x_GlobalVariableDefs.obj (CsmPwlFile)

FlashRegsFile 
*          1    00008bb8    00000008     UNINITIALIZED
                  00008bb8    00000008     driverlib.lib : F2802x_GlobalVariableDefs.obj (FlashRegsFile)

MODULE SUMMARY

       Module                          code   initialized data   uninitialized data
       ------                          ----   ----------------   ------------------
    .\
       battery_data_acquisiition.obj   198    0                  0                 
    +--+-------------------------------+------+------------------+--------------------+
       Total:                          198    0                  0                 
                                                                                   
    C:/ti/controlSUITE/development_kits/C2000_LaunchPad/f2802x_common/lib/driverlib.lib
       F2802x_GlobalVariableDefs.obj   0      0                  1022              
       F2802x_asmfuncs.obj             24     126                0                 
    +--+-------------------------------+------+------------------+--------------------+
       Total:                          24     126                1022              
                                                                                   
    C:\ti\ccs1260\ccs\tools\compiler\ti-cgt-c2000_22.6.1.LTS\lib\rts2800_ml.lib
       fs_mpy28.asm.obj                90     0                  0                 
       boot28.asm.obj                  84     0                  0                 
       exit.c.obj                      41     14                 6                 
       cpy_tbl.c.obj                   36     0                  0                 
       memcpy.c.obj                    29     0                  0                 
       i_tofs28.asm.obj                26     0                  0                 
       _lock.c.obj                     9      10                 4                 
       args_main.c.obj                 17     0                  0                 
       pre_init.c.obj                  2      0                  0                 
       startup.c.obj                   1      0                  0                 
    +--+-------------------------------+------+------------------+--------------------+
       Total:                          335    24                 10                
                                                                                   
       Stack:                          0      0                  768               
    +--+-------------------------------+------+------------------+--------------------+
       Grand Total:                    557    150                1800              


GLOBAL DATA SYMBOLS: SORTED BY DATA PAGE

address     data page           name
--------    ----------------    ----
00000002       0 (00000000)     _I2caRegs
00000024       0 (00000000)     _PieCtrlRegs
0000003e       0 (00000000)     _Flash_CallbackPtr

00000040       1 (00000040)     _CsmRegs

00000400      10 (00000400)     __stack

00000700      1c (00000700)     _PieVectTable

00008900     224 (00008900)     ___TI_enable_exit_profile_output
00008902     224 (00008900)     ___TI_cleanup_ptr
00008904     224 (00008900)     ___TI_dtors_ptr
00008906     224 (00008900)     __lock
00008908     224 (00008900)     __unlock
0000890a     224 (00008900)     _AdcResult
0000892a     224 (00008900)     _Comp1Regs
0000893b     224 (00008900)     _EmuBMode
0000893c     224 (00008900)     _DevEmuRegs

00008940     225 (00008940)     _AdcRegs

00008991     226 (00008980)     _EmuKey
00008992     226 (00008980)     _ECap1Regs
000089b2     226 (00008980)     _GpioIntRegs
000089bc     226 (00008980)     _SysPwrCtrlRegs
000089bf     226 (00008980)     _PartIdRegs

000089c0     227 (000089c0)     _EPwm1Regs

00008a00     228 (00008a00)     _EPwm2Regs

00008a40     229 (00008a40)     _EPwm3Regs

00008a80     22a (00008a80)     _EPwm4Regs

00008ac0     22b (00008ac0)     _GpioCtrlRegs

00008b00     22c (00008b00)     _GpioDataRegs
00008b20     22c (00008b00)     _SysCtrlRegs

00008b40     22d (00008b40)     _Comp2Regs
00008b51     22d (00008b40)     _NmiIntruptRegs
00008b61     22d (00008b40)     _SciaRegs
00008b72     22d (00008b40)     _CpuTimer0Regs
00008b7a     22d (00008b40)     _Flash_CPUScaleFactor

00008b80     22e (00008b80)     _SpiaRegs
00008b90     22e (00008b80)     _XIntruptRegs
00008ba0     22e (00008b80)     _CpuTimer1Regs
00008ba8     22e (00008b80)     _CpuTimer2Regs
00008bb0     22e (00008b80)     _CsmPwl
00008bb8     22e (00008b80)     _FlashRegs


GLOBAL SYMBOLS: SORTED ALPHABETICALLY BY Name 

page  address   name                            
----  -------   ----                            
0     00008000  .text                           
0     00008174  C$$EXIT                         
0     000080c6  FS$$MPY                         
0     000081de  I$$TOFS                         
1     00008940  _AdcRegs                        
1     0000890a  _AdcResult                      
1     0000892a  _Comp1Regs                      
1     00008b40  _Comp2Regs                      
1     00008b72  _CpuTimer0Regs                  
1     00008ba0  _CpuTimer1Regs                  
1     00008ba8  _CpuTimer2Regs                  
1     00008bb0  _CsmPwl                         
1     00000040  _CsmRegs                        
0     00008082  _DS28B20Init                    
0     00008099  _DS28B20ReadTemperature         
0     00008203  _DSP28x_DisableInt              
0     00008207  _DSP28x_RestoreInt              
0     000000e8  _DSP28x_usDelay                 
1     0000893c  _DevEmuRegs                     
1     00008992  _ECap1Regs                      
1     000089c0  _EPwm1Regs                      
1     00008a00  _EPwm2Regs                      
1     00008a40  _EPwm3Regs                      
1     00008a80  _EPwm4Regs                      
1     0000893b  _EmuBMode                       
1     00008991  _EmuKey                         
1     00008bb8  _FlashRegs                      
1     00008b7a  _Flash_CPUScaleFactor           
1     0000003e  _Flash_CallbackPtr              
1     00008ac0  _GpioCtrlRegs                   
1     00008b00  _GpioDataRegs                   
1     000089b2  _GpioIntRegs                    
1     00000002  _I2caRegs                       
0     00008000  _InitGPIO                       
1     00008b51  _NmiIntruptRegs                 
0     0000800e  _OneWireDelay                   
0     00008036  _OneWireReadBit                 
0     0000806e  _OneWireReadByte                
0     00008012  _OneWireWriteBit                
0     00008057  _OneWireWriteByte               
1     000089bf  _PartIdRegs                     
1     00000024  _PieCtrlRegs                    
1     00000700  _PieVectTable                   
1     00008b61  _SciaRegs                       
1     00008b80  _SpiaRegs                       
1     00008b20  _SysCtrlRegs                    
1     000089bc  _SysPwrCtrlRegs                 
1     00008b90  _XIntruptRegs                   
1     00000700  __STACK_END                     
abs   00000300  __STACK_SIZE                    
1     00008902  ___TI_cleanup_ptr               
1     00008904  ___TI_dtors_ptr                 
1     00008900  ___TI_enable_exit_profile_output
abs   ffffffff  ___TI_pprof_out_hndl            
abs   ffffffff  ___TI_prof_data_size            
abs   ffffffff  ___TI_prof_data_start           
abs   ffffffff  ___binit__                      
abs   ffffffff  ___c_args__                     
0     00000050  ___cinit__                      
0     00008227  ___etext__                      
abs   ffffffff  ___pinit__                      
0     00008000  ___text__                       
0     0000820a  __args_main                     
1     00008906  __lock                          
0     00008223  __nop                           
0     0000821f  __register_lock                 
0     0000821b  __register_unlock               
1     00000400  __stack                         
0     00008226  __system_post_cinit             
0     00008224  __system_pre_init               
1     00008908  __unlock                        
0     00008174  _abort                          
0     00008120  _c_int00                        
0     0000819d  _copy_in                        
0     00008176  _exit                           
0     000080c0  _main                           
0     000081c1  _memcpy                         
0     00008200  _setDBGIER                      
abs   ffffffff  binit                           
0     00000050  cinit                           
0     00000000  code_start                      
0     00008227  etext                           
abs   ffffffff  pinit                           


GLOBAL SYMBOLS: SORTED BY Symbol Address 

page  address   name                            
----  -------   ----                            
0     00000000  code_start                      
0     00000050  ___cinit__                      
0     00000050  cinit                           
0     000000e8  _DSP28x_usDelay                 
0     00008000  .text                           
0     00008000  _InitGPIO                       
0     00008000  ___text__                       
0     0000800e  _OneWireDelay                   
0     00008012  _OneWireWriteBit                
0     00008036  _OneWireReadBit                 
0     00008057  _OneWireWriteByte               
0     0000806e  _OneWireReadByte                
0     00008082  _DS28B20Init                    
0     00008099  _DS28B20ReadTemperature         
0     000080c0  _main                           
0     000080c6  FS$$MPY                         
0     00008120  _c_int00                        
0     00008174  C$$EXIT                         
0     00008174  _abort                          
0     00008176  _exit                           
0     0000819d  _copy_in                        
0     000081c1  _memcpy                         
0     000081de  I$$TOFS                         
0     00008200  _setDBGIER                      
0     00008203  _DSP28x_DisableInt              
0     00008207  _DSP28x_RestoreInt              
0     0000820a  __args_main                     
0     0000821b  __register_unlock               
0     0000821f  __register_lock                 
0     00008223  __nop                           
0     00008224  __system_pre_init               
0     00008226  __system_post_cinit             
0     00008227  ___etext__                      
0     00008227  etext                           
1     00000002  _I2caRegs                       
1     00000024  _PieCtrlRegs                    
1     0000003e  _Flash_CallbackPtr              
1     00000040  _CsmRegs                        
1     00000400  __stack                         
1     00000700  _PieVectTable                   
1     00000700  __STACK_END                     
1     00008900  ___TI_enable_exit_profile_output
1     00008902  ___TI_cleanup_ptr               
1     00008904  ___TI_dtors_ptr                 
1     00008906  __lock                          
1     00008908  __unlock                        
1     0000890a  _AdcResult                      
1     0000892a  _Comp1Regs                      
1     0000893b  _EmuBMode                       
1     0000893c  _DevEmuRegs                     
1     00008940  _AdcRegs                        
1     00008991  _EmuKey                         
1     00008992  _ECap1Regs                      
1     000089b2  _GpioIntRegs                    
1     000089bc  _SysPwrCtrlRegs                 
1     000089bf  _PartIdRegs                     
1     000089c0  _EPwm1Regs                      
1     00008a00  _EPwm2Regs                      
1     00008a40  _EPwm3Regs                      
1     00008a80  _EPwm4Regs                      
1     00008ac0  _GpioCtrlRegs                   
1     00008b00  _GpioDataRegs                   
1     00008b20  _SysCtrlRegs                    
1     00008b40  _Comp2Regs                      
1     00008b51  _NmiIntruptRegs                 
1     00008b61  _SciaRegs                       
1     00008b72  _CpuTimer0Regs                  
1     00008b7a  _Flash_CPUScaleFactor           
1     00008b80  _SpiaRegs                       
1     00008b90  _XIntruptRegs                   
1     00008ba0  _CpuTimer1Regs                  
1     00008ba8  _CpuTimer2Regs                  
1     00008bb0  _CsmPwl                         
1     00008bb8  _FlashRegs                      
abs   00000300  __STACK_SIZE                    
abs   ffffffff  ___TI_pprof_out_hndl            
abs   ffffffff  ___TI_prof_data_size            
abs   ffffffff  ___TI_prof_data_start           
abs   ffffffff  ___binit__                      
abs   ffffffff  ___c_args__                     
abs   ffffffff  ___pinit__                      
abs   ffffffff  binit                           
abs   ffffffff  pinit                           

[83 symbols]
