<?xml version="1.0" encoding="ISO-8859-1" ?>
<link_info>
   <banner>TMS320C2000 Linker PC v22.6.1.LTS</banner>
   <copyright>Copyright (c) 1996-2018 Texas Instruments Incorporated</copyright>
   <link_time>0x66bd082b</link_time>
   <link_errors>0x0</link_errors>
   <output_file>solar_emulator.out</output_file>
   <entry_point>
      <name>_c_int00</name>
      <address>0x8120</address>
   </entry_point>
   <input_file_list>
      <input_file id="fl-2">
         <path>.\</path>
         <kind>object</kind>
         <file>battery_data_acquisiition.obj</file>
         <name>battery_data_acquisiition.obj</name>
      </input_file>
      <input_file id="fl-7">
         <kind>object</kind>
         <file>&lt;internal&gt;</file>
         <name>&lt;internal&gt;</name>
      </input_file>
      <input_file id="fl-13">
         <path>C:\ti\ccs1260\ccs\tools\compiler\ti-cgt-c2000_22.6.1.LTS\lib\</path>
         <kind>archive</kind>
         <file>rts2800_ml.lib</file>
         <name>boot28.asm.obj</name>
      </input_file>
      <input_file id="fl-14">
         <path>C:\ti\ccs1260\ccs\tools\compiler\ti-cgt-c2000_22.6.1.LTS\lib\</path>
         <kind>archive</kind>
         <file>rts2800_ml.lib</file>
         <name>fs_mpy28.asm.obj</name>
      </input_file>
      <input_file id="fl-15">
         <path>C:\ti\ccs1260\ccs\tools\compiler\ti-cgt-c2000_22.6.1.LTS\lib\</path>
         <kind>archive</kind>
         <file>rts2800_ml.lib</file>
         <name>i_tofs28.asm.obj</name>
      </input_file>
      <input_file id="fl-16">
         <path>C:\ti\ccs1260\ccs\tools\compiler\ti-cgt-c2000_22.6.1.LTS\lib\</path>
         <kind>archive</kind>
         <file>rts2800_ml.lib</file>
         <name>cpy_tbl.c.obj</name>
      </input_file>
      <input_file id="fl-17">
         <path>C:\ti\ccs1260\ccs\tools\compiler\ti-cgt-c2000_22.6.1.LTS\lib\</path>
         <kind>archive</kind>
         <file>rts2800_ml.lib</file>
         <name>memcpy.c.obj</name>
      </input_file>
      <input_file id="fl-18">
         <path>C:\ti\ccs1260\ccs\tools\compiler\ti-cgt-c2000_22.6.1.LTS\lib\</path>
         <kind>archive</kind>
         <file>rts2800_ml.lib</file>
         <name>pre_init.c.obj</name>
      </input_file>
      <input_file id="fl-19">
         <path>C:\ti\ccs1260\ccs\tools\compiler\ti-cgt-c2000_22.6.1.LTS\lib\</path>
         <kind>archive</kind>
         <file>rts2800_ml.lib</file>
         <name>startup.c.obj</name>
      </input_file>
      <input_file id="fl-1a">
         <path>C:\ti\ccs1260\ccs\tools\compiler\ti-cgt-c2000_22.6.1.LTS\lib\</path>
         <kind>archive</kind>
         <file>rts2800_ml.lib</file>
         <name>exit.c.obj</name>
      </input_file>
      <input_file id="fl-1b">
         <path>C:\ti\ccs1260\ccs\tools\compiler\ti-cgt-c2000_22.6.1.LTS\lib\</path>
         <kind>archive</kind>
         <file>rts2800_ml.lib</file>
         <name>_lock.c.obj</name>
      </input_file>
      <input_file id="fl-1c">
         <path>C:\ti\ccs1260\ccs\tools\compiler\ti-cgt-c2000_22.6.1.LTS\lib\</path>
         <kind>archive</kind>
         <file>rts2800_ml.lib</file>
         <name>args_main.c.obj</name>
      </input_file>
      <input_file id="fl-1d">
         <path>C:\ti\controlSUITE\development_kits\C2000_LaunchPad\f2802x_common\lib\</path>
         <kind>archive</kind>
         <file>driverlib.lib</file>
         <name>F2802x_asmfuncs.obj</name>
      </input_file>
      <input_file id="fl-1e">
         <path>C:\ti\controlSUITE\development_kits\C2000_LaunchPad\f2802x_common\lib\</path>
         <kind>archive</kind>
         <file>driverlib.lib</file>
         <name>F2802x_GlobalVariableDefs.obj</name>
      </input_file>
   </input_file_list>
   <object_component_list>
      <object_component id="oc-4c">
         <name>codestart</name>
         <load_address>0x0</load_address>
         <run_address>0x0</run_address>
         <size>0x2</size>
         <input_file_ref idref="fl-1d"/>
      </object_component>
      <object_component id="oc-7c">
         <name>.text</name>
         <load_address>0x8000</load_address>
         <run_address>0x8000</run_address>
         <size>0xc6</size>
         <input_file_ref idref="fl-2"/>
      </object_component>
      <object_component id="oc-1c">
         <name>.text</name>
         <load_address>0x80c6</load_address>
         <run_address>0x80c6</run_address>
         <size>0x5a</size>
         <input_file_ref idref="fl-14"/>
      </object_component>
      <object_component id="oc-10">
         <name>.text</name>
         <load_address>0x8120</load_address>
         <run_address>0x8120</run_address>
         <size>0x54</size>
         <input_file_ref idref="fl-13"/>
      </object_component>
      <object_component id="oc-7a">
         <name>.text</name>
         <load_address>0x8174</load_address>
         <run_address>0x8174</run_address>
         <size>0x29</size>
         <input_file_ref idref="fl-1a"/>
      </object_component>
      <object_component id="oc-77">
         <name>.text</name>
         <load_address>0x819d</load_address>
         <run_address>0x819d</run_address>
         <size>0x24</size>
         <input_file_ref idref="fl-16"/>
      </object_component>
      <object_component id="oc-7b">
         <name>.text</name>
         <load_address>0x81c1</load_address>
         <run_address>0x81c1</run_address>
         <size>0x1d</size>
         <input_file_ref idref="fl-17"/>
      </object_component>
      <object_component id="oc-21">
         <name>.text</name>
         <load_address>0x81de</load_address>
         <run_address>0x81de</run_address>
         <size>0x1a</size>
         <input_file_ref idref="fl-15"/>
      </object_component>
      <object_component id="oc-4b">
         <name>.text</name>
         <load_address>0x81f8</load_address>
         <run_address>0x81f8</run_address>
         <size>0x12</size>
         <input_file_ref idref="fl-1d"/>
      </object_component>
      <object_component id="oc-79">
         <name>.text</name>
         <load_address>0x820a</load_address>
         <run_address>0x820a</run_address>
         <size>0x11</size>
         <input_file_ref idref="fl-1c"/>
      </object_component>
      <object_component id="oc-7f">
         <name>.text</name>
         <load_address>0x821b</load_address>
         <run_address>0x821b</run_address>
         <size>0x9</size>
         <input_file_ref idref="fl-1b"/>
      </object_component>
      <object_component id="oc-76">
         <name>.text</name>
         <load_address>0x8224</load_address>
         <run_address>0x8224</run_address>
         <size>0x2</size>
         <input_file_ref idref="fl-18"/>
      </object_component>
      <object_component id="oc-78">
         <name>.text</name>
         <load_address>0x8226</load_address>
         <run_address>0x8226</run_address>
         <size>0x1</size>
         <input_file_ref idref="fl-19"/>
      </object_component>
      <object_component id="oc-3b">
         <name>.cinit</name>
         <load_address>0x50</load_address>
         <run_address>0x50</run_address>
         <size>0xe</size>
         <input_file_ref idref="fl-1a"/>
      </object_component>
      <object_component id="oc-7e">
         <name>.cinit:__lock</name>
         <load_address>0x5e</load_address>
         <run_address>0x5e</run_address>
         <size>0x5</size>
         <input_file_ref idref="fl-1b"/>
      </object_component>
      <object_component id="oc-80">
         <name>.cinit:__unlock</name>
         <load_address>0x63</load_address>
         <run_address>0x63</run_address>
         <size>0x5</size>
         <input_file_ref idref="fl-1b"/>
      </object_component>
      <object_component id="oc-17">
         <name>.reset</name>
         <load_address>0x3fffc0</load_address>
         <run_address>0x3fffc0</run_address>
         <size>0x2</size>
         <input_file_ref idref="fl-13"/>
      </object_component>
      <object_component id="oc-16">
         <name>.stack</name>
         <uninitialized>true</uninitialized>
         <run_address>0x400</run_address>
         <size>0x0</size>
         <input_file_ref idref="fl-13"/>
      </object_component>
      <object_component id="oc-e3">
         <name>.stack</name>
         <uninitialized>true</uninitialized>
         <run_address>0x400</run_address>
         <size>0x0</size>
      </object_component>
      <object_component id="oc-3c">
         <name>.ebss</name>
         <uninitialized>true</uninitialized>
         <run_address>0x8900</run_address>
         <size>0x6</size>
         <input_file_ref idref="fl-1a"/>
      </object_component>
      <object_component id="oc-7d">
         <name>.ebss:__lock</name>
         <uninitialized>true</uninitialized>
         <run_address>0x8906</run_address>
         <size>0x2</size>
         <input_file_ref idref="fl-1b"/>
      </object_component>
      <object_component id="oc-81">
         <name>.ebss:__unlock</name>
         <uninitialized>true</uninitialized>
         <run_address>0x8908</run_address>
         <size>0x2</size>
         <input_file_ref idref="fl-1b"/>
      </object_component>
      <object_component id="oc-11">
         <name>.debug_info</name>
         <load_address>0x0</load_address>
         <run_address>0x0</run_address>
         <size>0x1d19</size>
         <input_file_ref idref="fl-2"/>
      </object_component>
      <object_component id="oc-18">
         <name>.debug_info</name>
         <load_address>0x1d19</load_address>
         <run_address>0x1d19</run_address>
         <size>0x173</size>
         <input_file_ref idref="fl-13"/>
      </object_component>
      <object_component id="oc-1d">
         <name>.debug_info</name>
         <load_address>0x1e8c</load_address>
         <run_address>0x1e8c</run_address>
         <size>0x114</size>
         <input_file_ref idref="fl-14"/>
      </object_component>
      <object_component id="oc-22">
         <name>.debug_info</name>
         <load_address>0x1fa0</load_address>
         <run_address>0x1fa0</run_address>
         <size>0x11e</size>
         <input_file_ref idref="fl-15"/>
      </object_component>
      <object_component id="oc-26">
         <name>.debug_info</name>
         <load_address>0x20be</load_address>
         <run_address>0x20be</run_address>
         <size>0x4fa</size>
         <input_file_ref idref="fl-16"/>
      </object_component>
      <object_component id="oc-2b">
         <name>.debug_info</name>
         <load_address>0x25b8</load_address>
         <run_address>0x25b8</run_address>
         <size>0x3d3</size>
         <input_file_ref idref="fl-17"/>
      </object_component>
      <object_component id="oc-30">
         <name>.debug_info</name>
         <load_address>0x298b</load_address>
         <run_address>0x298b</run_address>
         <size>0x346</size>
         <input_file_ref idref="fl-18"/>
      </object_component>
      <object_component id="oc-35">
         <name>.debug_info</name>
         <load_address>0x2cd1</load_address>
         <run_address>0x2cd1</run_address>
         <size>0x343</size>
         <input_file_ref idref="fl-19"/>
      </object_component>
      <object_component id="oc-3a">
         <name>.debug_info</name>
         <load_address>0x3014</load_address>
         <run_address>0x3014</run_address>
         <size>0x4dd</size>
         <input_file_ref idref="fl-1a"/>
      </object_component>
      <object_component id="oc-41">
         <name>.debug_info</name>
         <load_address>0x34f1</load_address>
         <run_address>0x34f1</run_address>
         <size>0x465</size>
         <input_file_ref idref="fl-1b"/>
      </object_component>
      <object_component id="oc-46">
         <name>.debug_info</name>
         <load_address>0x3956</load_address>
         <run_address>0x3956</run_address>
         <size>0x3ee</size>
         <input_file_ref idref="fl-1c"/>
      </object_component>
      <object_component id="oc-50">
         <name>.debug_info</name>
         <load_address>0x3d44</load_address>
         <run_address>0x3d44</run_address>
         <size>0x329</size>
         <input_file_ref idref="fl-1d"/>
      </object_component>
      <object_component id="oc-53">
         <name>.debug_info</name>
         <load_address>0x406d</load_address>
         <run_address>0x406d</run_address>
         <size>0xad5a</size>
         <input_file_ref idref="fl-1e"/>
      </object_component>
      <object_component id="oc-e4">
         <name>.debug_info</name>
         <load_address>0xedc7</load_address>
         <run_address>0xedc7</run_address>
         <size>0xc5</size>
      </object_component>
      <object_component id="oc-12">
         <name>.debug_frame</name>
         <load_address>0x0</load_address>
         <run_address>0x0</run_address>
         <size>0x110</size>
         <input_file_ref idref="fl-2"/>
      </object_component>
      <object_component id="oc-27">
         <name>.debug_frame</name>
         <load_address>0x110</load_address>
         <run_address>0x110</run_address>
         <size>0x58</size>
         <input_file_ref idref="fl-16"/>
      </object_component>
      <object_component id="oc-2c">
         <name>.debug_frame</name>
         <load_address>0x168</load_address>
         <run_address>0x168</run_address>
         <size>0x38</size>
         <input_file_ref idref="fl-17"/>
      </object_component>
      <object_component id="oc-31">
         <name>.debug_frame</name>
         <load_address>0x1a0</load_address>
         <run_address>0x1a0</run_address>
         <size>0x38</size>
         <input_file_ref idref="fl-18"/>
      </object_component>
      <object_component id="oc-36">
         <name>.debug_frame</name>
         <load_address>0x1d8</load_address>
         <run_address>0x1d8</run_address>
         <size>0x38</size>
         <input_file_ref idref="fl-19"/>
      </object_component>
      <object_component id="oc-3d">
         <name>.debug_frame</name>
         <load_address>0x210</load_address>
         <run_address>0x210</run_address>
         <size>0x58</size>
         <input_file_ref idref="fl-1a"/>
      </object_component>
      <object_component id="oc-42">
         <name>.debug_frame</name>
         <load_address>0x268</load_address>
         <run_address>0x268</run_address>
         <size>0x68</size>
         <input_file_ref idref="fl-1b"/>
      </object_component>
      <object_component id="oc-47">
         <name>.debug_frame</name>
         <load_address>0x2d0</load_address>
         <run_address>0x2d0</run_address>
         <size>0x38</size>
         <input_file_ref idref="fl-1c"/>
      </object_component>
      <object_component id="oc-13">
         <name>.debug_line</name>
         <load_address>0x0</load_address>
         <run_address>0x0</run_address>
         <size>0x171</size>
         <input_file_ref idref="fl-2"/>
      </object_component>
      <object_component id="oc-19">
         <name>.debug_line</name>
         <load_address>0x171</load_address>
         <run_address>0x171</run_address>
         <size>0x7d</size>
         <input_file_ref idref="fl-13"/>
      </object_component>
      <object_component id="oc-1e">
         <name>.debug_line</name>
         <load_address>0x1ee</load_address>
         <run_address>0x1ee</run_address>
         <size>0x8d</size>
         <input_file_ref idref="fl-14"/>
      </object_component>
      <object_component id="oc-23">
         <name>.debug_line</name>
         <load_address>0x27b</load_address>
         <run_address>0x27b</run_address>
         <size>0x52</size>
         <input_file_ref idref="fl-15"/>
      </object_component>
      <object_component id="oc-28">
         <name>.debug_line</name>
         <load_address>0x2cd</load_address>
         <run_address>0x2cd</run_address>
         <size>0x50</size>
         <input_file_ref idref="fl-16"/>
      </object_component>
      <object_component id="oc-2d">
         <name>.debug_line</name>
         <load_address>0x31d</load_address>
         <run_address>0x31d</run_address>
         <size>0x62</size>
         <input_file_ref idref="fl-17"/>
      </object_component>
      <object_component id="oc-32">
         <name>.debug_line</name>
         <load_address>0x37f</load_address>
         <run_address>0x37f</run_address>
         <size>0x3e</size>
         <input_file_ref idref="fl-18"/>
      </object_component>
      <object_component id="oc-37">
         <name>.debug_line</name>
         <load_address>0x3bd</load_address>
         <run_address>0x3bd</run_address>
         <size>0x3a</size>
         <input_file_ref idref="fl-19"/>
      </object_component>
      <object_component id="oc-3e">
         <name>.debug_line</name>
         <load_address>0x3f7</load_address>
         <run_address>0x3f7</run_address>
         <size>0x65</size>
         <input_file_ref idref="fl-1a"/>
      </object_component>
      <object_component id="oc-43">
         <name>.debug_line</name>
         <load_address>0x45c</load_address>
         <run_address>0x45c</run_address>
         <size>0x5e</size>
         <input_file_ref idref="fl-1b"/>
      </object_component>
      <object_component id="oc-48">
         <name>.debug_line</name>
         <load_address>0x4ba</load_address>
         <run_address>0x4ba</run_address>
         <size>0x4f</size>
         <input_file_ref idref="fl-1c"/>
      </object_component>
      <object_component id="oc-51">
         <name>.debug_line</name>
         <load_address>0x509</load_address>
         <run_address>0x509</run_address>
         <size>0xd0</size>
         <input_file_ref idref="fl-1d"/>
      </object_component>
      <object_component id="oc-14">
         <name>.debug_abbrev</name>
         <load_address>0x0</load_address>
         <run_address>0x0</run_address>
         <size>0x146</size>
         <input_file_ref idref="fl-2"/>
      </object_component>
      <object_component id="oc-1a">
         <name>.debug_abbrev</name>
         <load_address>0x146</load_address>
         <run_address>0x146</run_address>
         <size>0x46</size>
         <input_file_ref idref="fl-13"/>
      </object_component>
      <object_component id="oc-1f">
         <name>.debug_abbrev</name>
         <load_address>0x18c</load_address>
         <run_address>0x18c</run_address>
         <size>0x38</size>
         <input_file_ref idref="fl-14"/>
      </object_component>
      <object_component id="oc-24">
         <name>.debug_abbrev</name>
         <load_address>0x1c4</load_address>
         <run_address>0x1c4</run_address>
         <size>0x38</size>
         <input_file_ref idref="fl-15"/>
      </object_component>
      <object_component id="oc-29">
         <name>.debug_abbrev</name>
         <load_address>0x1fc</load_address>
         <run_address>0x1fc</run_address>
         <size>0xe3</size>
         <input_file_ref idref="fl-16"/>
      </object_component>
      <object_component id="oc-2e">
         <name>.debug_abbrev</name>
         <load_address>0x2df</load_address>
         <run_address>0x2df</run_address>
         <size>0xa8</size>
         <input_file_ref idref="fl-17"/>
      </object_component>
      <object_component id="oc-33">
         <name>.debug_abbrev</name>
         <load_address>0x387</load_address>
         <run_address>0x387</run_address>
         <size>0x68</size>
         <input_file_ref idref="fl-18"/>
      </object_component>
      <object_component id="oc-38">
         <name>.debug_abbrev</name>
         <load_address>0x3ef</load_address>
         <run_address>0x3ef</run_address>
         <size>0x66</size>
         <input_file_ref idref="fl-19"/>
      </object_component>
      <object_component id="oc-3f">
         <name>.debug_abbrev</name>
         <load_address>0x455</load_address>
         <run_address>0x455</run_address>
         <size>0x130</size>
         <input_file_ref idref="fl-1a"/>
      </object_component>
      <object_component id="oc-44">
         <name>.debug_abbrev</name>
         <load_address>0x585</load_address>
         <run_address>0x585</run_address>
         <size>0xb2</size>
         <input_file_ref idref="fl-1b"/>
      </object_component>
      <object_component id="oc-49">
         <name>.debug_abbrev</name>
         <load_address>0x637</load_address>
         <run_address>0x637</run_address>
         <size>0xee</size>
         <input_file_ref idref="fl-1c"/>
      </object_component>
      <object_component id="oc-52">
         <name>.debug_abbrev</name>
         <load_address>0x725</load_address>
         <run_address>0x725</run_address>
         <size>0x3b</size>
         <input_file_ref idref="fl-1d"/>
      </object_component>
      <object_component id="oc-75">
         <name>.debug_abbrev</name>
         <load_address>0x760</load_address>
         <run_address>0x760</run_address>
         <size>0xb3</size>
         <input_file_ref idref="fl-1e"/>
      </object_component>
      <object_component id="oc-e5">
         <name>.debug_abbrev</name>
         <load_address>0x813</load_address>
         <run_address>0x813</run_address>
         <size>0xf</size>
      </object_component>
      <object_component id="oc-15">
         <name>.debug_aranges</name>
         <load_address>0x0</load_address>
         <run_address>0x0</run_address>
         <size>0x60</size>
         <input_file_ref idref="fl-2"/>
      </object_component>
      <object_component id="oc-1b">
         <name>.debug_aranges</name>
         <load_address>0x60</load_address>
         <run_address>0x60</run_address>
         <size>0x20</size>
         <input_file_ref idref="fl-13"/>
      </object_component>
      <object_component id="oc-20">
         <name>.debug_aranges</name>
         <load_address>0x80</load_address>
         <run_address>0x80</run_address>
         <size>0x20</size>
         <input_file_ref idref="fl-14"/>
      </object_component>
      <object_component id="oc-25">
         <name>.debug_aranges</name>
         <load_address>0xa0</load_address>
         <run_address>0xa0</run_address>
         <size>0x20</size>
         <input_file_ref idref="fl-15"/>
      </object_component>
      <object_component id="oc-2a">
         <name>.debug_aranges</name>
         <load_address>0xc0</load_address>
         <run_address>0xc0</run_address>
         <size>0x20</size>
         <input_file_ref idref="fl-16"/>
      </object_component>
      <object_component id="oc-2f">
         <name>.debug_aranges</name>
         <load_address>0xe0</load_address>
         <run_address>0xe0</run_address>
         <size>0x20</size>
         <input_file_ref idref="fl-17"/>
      </object_component>
      <object_component id="oc-34">
         <name>.debug_aranges</name>
         <load_address>0x100</load_address>
         <run_address>0x100</run_address>
         <size>0x20</size>
         <input_file_ref idref="fl-18"/>
      </object_component>
      <object_component id="oc-39">
         <name>.debug_aranges</name>
         <load_address>0x120</load_address>
         <run_address>0x120</run_address>
         <size>0x20</size>
         <input_file_ref idref="fl-19"/>
      </object_component>
      <object_component id="oc-40">
         <name>.debug_aranges</name>
         <load_address>0x140</load_address>
         <run_address>0x140</run_address>
         <size>0x28</size>
         <input_file_ref idref="fl-1a"/>
      </object_component>
      <object_component id="oc-45">
         <name>.debug_aranges</name>
         <load_address>0x168</load_address>
         <run_address>0x168</run_address>
         <size>0x30</size>
         <input_file_ref idref="fl-1b"/>
      </object_component>
      <object_component id="oc-4a">
         <name>.debug_aranges</name>
         <load_address>0x198</load_address>
         <run_address>0x198</run_address>
         <size>0x20</size>
         <input_file_ref idref="fl-1c"/>
      </object_component>
      <object_component id="oc-4d">
         <name>ramfuncs</name>
         <load_address>0xe8</load_address>
         <run_address>0xe8</run_address>
         <size>0x4</size>
         <input_file_ref idref="fl-1d"/>
      </object_component>
      <object_component id="oc-4e">
         <name>csmpasswds</name>
         <load_address>0xe0</load_address>
         <run_address>0xe0</run_address>
         <size>0x8</size>
         <input_file_ref idref="fl-1d"/>
      </object_component>
      <object_component id="oc-4f">
         <name>csm_rsvd</name>
         <load_address>0x6a</load_address>
         <run_address>0x6a</run_address>
         <size>0x76</size>
         <input_file_ref idref="fl-1d"/>
      </object_component>
      <object_component id="oc-54">
         <name>EmuKeyVar</name>
         <uninitialized>true</uninitialized>
         <run_address>0x8991</run_address>
         <size>0x1</size>
         <input_file_ref idref="fl-1e"/>
      </object_component>
      <object_component id="oc-55">
         <name>PartIdRegsFile</name>
         <uninitialized>true</uninitialized>
         <run_address>0x89bf</run_address>
         <size>0x1</size>
         <input_file_ref idref="fl-1e"/>
      </object_component>
      <object_component id="oc-56">
         <name>EmuBModeVar</name>
         <uninitialized>true</uninitialized>
         <run_address>0x893b</run_address>
         <size>0x1</size>
         <input_file_ref idref="fl-1e"/>
      </object_component>
      <object_component id="oc-57">
         <name>FlashScalingVar</name>
         <uninitialized>true</uninitialized>
         <run_address>0x8b7a</run_address>
         <size>0x2</size>
         <input_file_ref idref="fl-1e"/>
      </object_component>
      <object_component id="oc-58">
         <name>FlashCallbackVar</name>
         <uninitialized>true</uninitialized>
         <run_address>0x3e</run_address>
         <size>0x2</size>
         <input_file_ref idref="fl-1e"/>
      </object_component>
      <object_component id="oc-59">
         <name>SysPwrCtrlRegsFile</name>
         <uninitialized>true</uninitialized>
         <run_address>0x89bc</run_address>
         <size>0x3</size>
         <input_file_ref idref="fl-1e"/>
      </object_component>
      <object_component id="oc-5a">
         <name>DevEmuRegsFile</name>
         <uninitialized>true</uninitialized>
         <run_address>0x893c</run_address>
         <size>0x4</size>
         <input_file_ref idref="fl-1e"/>
      </object_component>
      <object_component id="oc-5b">
         <name>FlashRegsFile</name>
         <uninitialized>true</uninitialized>
         <run_address>0x8bb8</run_address>
         <size>0x8</size>
         <input_file_ref idref="fl-1e"/>
      </object_component>
      <object_component id="oc-5c">
         <name>CpuTimer0RegsFile</name>
         <uninitialized>true</uninitialized>
         <run_address>0x8b72</run_address>
         <size>0x8</size>
         <input_file_ref idref="fl-1e"/>
      </object_component>
      <object_component id="oc-5d">
         <name>CpuTimer1RegsFile</name>
         <uninitialized>true</uninitialized>
         <run_address>0x8ba0</run_address>
         <size>0x8</size>
         <input_file_ref idref="fl-1e"/>
      </object_component>
      <object_component id="oc-5e">
         <name>CpuTimer2RegsFile</name>
         <uninitialized>true</uninitialized>
         <run_address>0x8ba8</run_address>
         <size>0x8</size>
         <input_file_ref idref="fl-1e"/>
      </object_component>
      <object_component id="oc-5f">
         <name>CsmPwlFile</name>
         <uninitialized>true</uninitialized>
         <run_address>0x8bb0</run_address>
         <size>0x8</size>
         <input_file_ref idref="fl-1e"/>
      </object_component>
      <object_component id="oc-60">
         <name>GpioIntRegsFile</name>
         <uninitialized>true</uninitialized>
         <run_address>0x89b2</run_address>
         <size>0xa</size>
         <input_file_ref idref="fl-1e"/>
      </object_component>
      <object_component id="oc-61">
         <name>SpiaRegsFile</name>
         <uninitialized>true</uninitialized>
         <run_address>0x8b80</run_address>
         <size>0x10</size>
         <input_file_ref idref="fl-1e"/>
      </object_component>
      <object_component id="oc-62">
         <name>SciaRegsFile</name>
         <uninitialized>true</uninitialized>
         <run_address>0x8b61</run_address>
         <size>0x10</size>
         <input_file_ref idref="fl-1e"/>
      </object_component>
      <object_component id="oc-63">
         <name>NmiIntruptRegsFile</name>
         <uninitialized>true</uninitialized>
         <run_address>0x8b51</run_address>
         <size>0x10</size>
         <input_file_ref idref="fl-1e"/>
      </object_component>
      <object_component id="oc-64">
         <name>CsmRegsFile</name>
         <uninitialized>true</uninitialized>
         <run_address>0x40</run_address>
         <size>0x10</size>
         <input_file_ref idref="fl-1e"/>
      </object_component>
      <object_component id="oc-65">
         <name>XIntruptRegsFile</name>
         <uninitialized>true</uninitialized>
         <run_address>0x8b90</run_address>
         <size>0x10</size>
         <input_file_ref idref="fl-1e"/>
      </object_component>
      <object_component id="oc-66">
         <name>Comp2RegsFile</name>
         <uninitialized>true</uninitialized>
         <run_address>0x8b40</run_address>
         <size>0x11</size>
         <input_file_ref idref="fl-1e"/>
      </object_component>
      <object_component id="oc-67">
         <name>Comp1RegsFile</name>
         <uninitialized>true</uninitialized>
         <run_address>0x892a</run_address>
         <size>0x11</size>
         <input_file_ref idref="fl-1e"/>
      </object_component>
      <object_component id="oc-68">
         <name>PieCtrlRegsFile</name>
         <uninitialized>true</uninitialized>
         <run_address>0x24</run_address>
         <size>0x1a</size>
         <input_file_ref idref="fl-1e"/>
      </object_component>
      <object_component id="oc-69">
         <name>SysCtrlRegsFile</name>
         <uninitialized>true</uninitialized>
         <run_address>0x8b20</run_address>
         <size>0x1f</size>
         <input_file_ref idref="fl-1e"/>
      </object_component>
      <object_component id="oc-6a">
         <name>GpioDataRegsFile</name>
         <uninitialized>true</uninitialized>
         <run_address>0x8b00</run_address>
         <size>0x20</size>
         <input_file_ref idref="fl-1e"/>
      </object_component>
      <object_component id="oc-6b">
         <name>ECap1RegsFile</name>
         <uninitialized>true</uninitialized>
         <run_address>0x8992</run_address>
         <size>0x20</size>
         <input_file_ref idref="fl-1e"/>
      </object_component>
      <object_component id="oc-6c">
         <name>AdcResultFile</name>
         <uninitialized>true</uninitialized>
         <run_address>0x890a</run_address>
         <size>0x20</size>
         <input_file_ref idref="fl-1e"/>
      </object_component>
      <object_component id="oc-6d">
         <name>I2caRegsFile</name>
         <uninitialized>true</uninitialized>
         <run_address>0x2</run_address>
         <size>0x22</size>
         <input_file_ref idref="fl-1e"/>
      </object_component>
      <object_component id="oc-6e">
         <name>EPwm3RegsFile</name>
         <uninitialized>true</uninitialized>
         <run_address>0x8a40</run_address>
         <size>0x40</size>
         <input_file_ref idref="fl-1e"/>
      </object_component>
      <object_component id="oc-6f">
         <name>EPwm2RegsFile</name>
         <uninitialized>true</uninitialized>
         <run_address>0x8a00</run_address>
         <size>0x40</size>
         <input_file_ref idref="fl-1e"/>
      </object_component>
      <object_component id="oc-70">
         <name>EPwm4RegsFile</name>
         <uninitialized>true</uninitialized>
         <run_address>0x8a80</run_address>
         <size>0x40</size>
         <input_file_ref idref="fl-1e"/>
      </object_component>
      <object_component id="oc-71">
         <name>EPwm1RegsFile</name>
         <uninitialized>true</uninitialized>
         <run_address>0x89c0</run_address>
         <size>0x40</size>
         <input_file_ref idref="fl-1e"/>
      </object_component>
      <object_component id="oc-72">
         <name>GpioCtrlRegsFile</name>
         <uninitialized>true</uninitialized>
         <run_address>0x8ac0</run_address>
         <size>0x40</size>
         <input_file_ref idref="fl-1e"/>
      </object_component>
      <object_component id="oc-73">
         <name>AdcRegsFile</name>
         <uninitialized>true</uninitialized>
         <run_address>0x8940</run_address>
         <size>0x51</size>
         <input_file_ref idref="fl-1e"/>
      </object_component>
      <object_component id="oc-74">
         <name>PieVectTableFile</name>
         <uninitialized>true</uninitialized>
         <run_address>0x700</run_address>
         <size>0x100</size>
         <input_file_ref idref="fl-1e"/>
      </object_component>
   </object_component_list>
   <logical_group_list>
      <logical_group id="lg-2" display="no" color="cyan">
         <name>codestart</name>
         <load_address>0x0</load_address>
         <run_address>0x0</run_address>
         <size>0x2</size>
         <contents>
            <object_component_ref idref="oc-4c"/>
         </contents>
      </logical_group>
      <logical_group id="lg-3" display="no" color="cyan">
         <name>.TI.ramfunc</name>
         <run_address>0x0</run_address>
         <size>0x0</size>
         <contents>
         </contents>
      </logical_group>
      <logical_group id="lg-4" display="no" color="cyan">
         <name>.text</name>
         <load_address>0x8000</load_address>
         <run_address>0x8000</run_address>
         <size>0x227</size>
         <contents>
            <object_component_ref idref="oc-7c"/>
            <object_component_ref idref="oc-1c"/>
            <object_component_ref idref="oc-10"/>
            <object_component_ref idref="oc-7a"/>
            <object_component_ref idref="oc-77"/>
            <object_component_ref idref="oc-7b"/>
            <object_component_ref idref="oc-21"/>
            <object_component_ref idref="oc-4b"/>
            <object_component_ref idref="oc-79"/>
            <object_component_ref idref="oc-7f"/>
            <object_component_ref idref="oc-76"/>
            <object_component_ref idref="oc-78"/>
         </contents>
      </logical_group>
      <logical_group id="lg-5" display="no" color="cyan">
         <name>.cinit</name>
         <load_address>0x50</load_address>
         <run_address>0x50</run_address>
         <size>0x1a</size>
         <contents>
            <object_component_ref idref="oc-3b"/>
            <object_component_ref idref="oc-7e"/>
            <object_component_ref idref="oc-80"/>
         </contents>
      </logical_group>
      <logical_group id="lg-6" display="no" color="cyan">
         <name>.pinit</name>
         <run_address>0x0</run_address>
         <size>0x0</size>
         <contents>
         </contents>
      </logical_group>
      <logical_group id="lg-7" display="no" color="cyan">
         <name>.switch</name>
         <run_address>0x0</run_address>
         <size>0x0</size>
         <contents>
         </contents>
      </logical_group>
      <logical_group id="lg-8" display="no" color="cyan">
         <name>.reset</name>
         <load_address>0x3fffc0</load_address>
         <run_address>0x3fffc0</run_address>
         <size>0x2</size>
         <contents>
            <object_component_ref idref="oc-17"/>
         </contents>
      </logical_group>
      <logical_group id="lg-9" display="no" color="cyan">
         <name>.stack</name>
         <run_address>0x400</run_address>
         <size>0x300</size>
         <contents>
            <object_component_ref idref="oc-16"/>
            <object_component_ref idref="oc-e3"/>
         </contents>
      </logical_group>
      <logical_group id="lg-a" display="no" color="cyan">
         <name>.ebss</name>
         <run_address>0x8900</run_address>
         <size>0xa</size>
         <contents>
            <object_component_ref idref="oc-3c"/>
            <object_component_ref idref="oc-7d"/>
            <object_component_ref idref="oc-81"/>
         </contents>
      </logical_group>
      <logical_group id="lg-b" display="no" color="cyan">
         <name>.econst</name>
         <run_address>0x0</run_address>
         <size>0x0</size>
         <contents>
         </contents>
      </logical_group>
      <logical_group id="lg-c" display="no" color="cyan">
         <name>.esysmem</name>
         <run_address>0x0</run_address>
         <size>0x0</size>
         <contents>
         </contents>
      </logical_group>
      <logical_group id="lg-d" display="no" color="cyan">
         <name>IQmath</name>
         <run_address>0x0</run_address>
         <size>0x0</size>
         <contents>
         </contents>
      </logical_group>
      <logical_group id="lg-e" display="no" color="cyan">
         <name>IQmathTables</name>
         <run_address>0x0</run_address>
         <size>0x0</size>
         <contents>
         </contents>
      </logical_group>
      <logical_group id="lg-8f" display="never" color="cyan">
         <name>.debug_info</name>
         <load_address>0x0</load_address>
         <run_address>0x0</run_address>
         <size>0xee8c</size>
         <contents>
            <object_component_ref idref="oc-11"/>
            <object_component_ref idref="oc-18"/>
            <object_component_ref idref="oc-1d"/>
            <object_component_ref idref="oc-22"/>
            <object_component_ref idref="oc-26"/>
            <object_component_ref idref="oc-2b"/>
            <object_component_ref idref="oc-30"/>
            <object_component_ref idref="oc-35"/>
            <object_component_ref idref="oc-3a"/>
            <object_component_ref idref="oc-41"/>
            <object_component_ref idref="oc-46"/>
            <object_component_ref idref="oc-50"/>
            <object_component_ref idref="oc-53"/>
            <object_component_ref idref="oc-e4"/>
         </contents>
      </logical_group>
      <logical_group id="lg-91" display="never" color="cyan">
         <name>.debug_frame</name>
         <load_address>0x0</load_address>
         <run_address>0x0</run_address>
         <size>0x308</size>
         <contents>
            <object_component_ref idref="oc-12"/>
            <object_component_ref idref="oc-27"/>
            <object_component_ref idref="oc-2c"/>
            <object_component_ref idref="oc-31"/>
            <object_component_ref idref="oc-36"/>
            <object_component_ref idref="oc-3d"/>
            <object_component_ref idref="oc-42"/>
            <object_component_ref idref="oc-47"/>
         </contents>
      </logical_group>
      <logical_group id="lg-93" display="never" color="cyan">
         <name>.debug_line</name>
         <load_address>0x0</load_address>
         <run_address>0x0</run_address>
         <size>0x5d9</size>
         <contents>
            <object_component_ref idref="oc-13"/>
            <object_component_ref idref="oc-19"/>
            <object_component_ref idref="oc-1e"/>
            <object_component_ref idref="oc-23"/>
            <object_component_ref idref="oc-28"/>
            <object_component_ref idref="oc-2d"/>
            <object_component_ref idref="oc-32"/>
            <object_component_ref idref="oc-37"/>
            <object_component_ref idref="oc-3e"/>
            <object_component_ref idref="oc-43"/>
            <object_component_ref idref="oc-48"/>
            <object_component_ref idref="oc-51"/>
         </contents>
      </logical_group>
      <logical_group id="lg-95" display="never" color="cyan">
         <name>.debug_abbrev</name>
         <load_address>0x0</load_address>
         <run_address>0x0</run_address>
         <size>0x822</size>
         <contents>
            <object_component_ref idref="oc-14"/>
            <object_component_ref idref="oc-1a"/>
            <object_component_ref idref="oc-1f"/>
            <object_component_ref idref="oc-24"/>
            <object_component_ref idref="oc-29"/>
            <object_component_ref idref="oc-2e"/>
            <object_component_ref idref="oc-33"/>
            <object_component_ref idref="oc-38"/>
            <object_component_ref idref="oc-3f"/>
            <object_component_ref idref="oc-44"/>
            <object_component_ref idref="oc-49"/>
            <object_component_ref idref="oc-52"/>
            <object_component_ref idref="oc-75"/>
            <object_component_ref idref="oc-e5"/>
         </contents>
      </logical_group>
      <logical_group id="lg-97" display="never" color="cyan">
         <name>.debug_aranges</name>
         <load_address>0x0</load_address>
         <run_address>0x0</run_address>
         <size>0x1b8</size>
         <contents>
            <object_component_ref idref="oc-15"/>
            <object_component_ref idref="oc-1b"/>
            <object_component_ref idref="oc-20"/>
            <object_component_ref idref="oc-25"/>
            <object_component_ref idref="oc-2a"/>
            <object_component_ref idref="oc-2f"/>
            <object_component_ref idref="oc-34"/>
            <object_component_ref idref="oc-39"/>
            <object_component_ref idref="oc-40"/>
            <object_component_ref idref="oc-45"/>
            <object_component_ref idref="oc-4a"/>
         </contents>
      </logical_group>
      <logical_group id="lg-99" display="no" color="cyan">
         <name>ramfuncs</name>
         <load_address>0xe8</load_address>
         <run_address>0xe8</run_address>
         <size>0x4</size>
         <contents>
            <object_component_ref idref="oc-4d"/>
         </contents>
      </logical_group>
      <logical_group id="lg-9b" display="no" color="cyan">
         <name>csmpasswds</name>
         <load_address>0xe0</load_address>
         <run_address>0xe0</run_address>
         <size>0x8</size>
         <contents>
            <object_component_ref idref="oc-4e"/>
         </contents>
      </logical_group>
      <logical_group id="lg-9d" display="no" color="cyan">
         <name>csm_rsvd</name>
         <load_address>0x6a</load_address>
         <run_address>0x6a</run_address>
         <size>0x76</size>
         <contents>
            <object_component_ref idref="oc-4f"/>
         </contents>
      </logical_group>
      <logical_group id="lg-9f" display="no" color="cyan">
         <name>EmuKeyVar</name>
         <run_address>0x8991</run_address>
         <size>0x1</size>
         <contents>
            <object_component_ref idref="oc-54"/>
         </contents>
      </logical_group>
      <logical_group id="lg-a1" display="no" color="cyan">
         <name>PartIdRegsFile</name>
         <run_address>0x89bf</run_address>
         <size>0x1</size>
         <contents>
            <object_component_ref idref="oc-55"/>
         </contents>
      </logical_group>
      <logical_group id="lg-a3" display="no" color="cyan">
         <name>EmuBModeVar</name>
         <run_address>0x893b</run_address>
         <size>0x1</size>
         <contents>
            <object_component_ref idref="oc-56"/>
         </contents>
      </logical_group>
      <logical_group id="lg-a5" display="no" color="cyan">
         <name>FlashScalingVar</name>
         <run_address>0x8b7a</run_address>
         <size>0x2</size>
         <contents>
            <object_component_ref idref="oc-57"/>
         </contents>
      </logical_group>
      <logical_group id="lg-a7" display="no" color="cyan">
         <name>FlashCallbackVar</name>
         <run_address>0x3e</run_address>
         <size>0x2</size>
         <contents>
            <object_component_ref idref="oc-58"/>
         </contents>
      </logical_group>
      <logical_group id="lg-a9" display="no" color="cyan">
         <name>SysPwrCtrlRegsFile</name>
         <run_address>0x89bc</run_address>
         <size>0x3</size>
         <contents>
            <object_component_ref idref="oc-59"/>
         </contents>
      </logical_group>
      <logical_group id="lg-ab" display="no" color="cyan">
         <name>DevEmuRegsFile</name>
         <run_address>0x893c</run_address>
         <size>0x4</size>
         <contents>
            <object_component_ref idref="oc-5a"/>
         </contents>
      </logical_group>
      <logical_group id="lg-ad" display="no" color="cyan">
         <name>FlashRegsFile</name>
         <run_address>0x8bb8</run_address>
         <size>0x8</size>
         <contents>
            <object_component_ref idref="oc-5b"/>
         </contents>
      </logical_group>
      <logical_group id="lg-af" display="no" color="cyan">
         <name>CpuTimer0RegsFile</name>
         <run_address>0x8b72</run_address>
         <size>0x8</size>
         <contents>
            <object_component_ref idref="oc-5c"/>
         </contents>
      </logical_group>
      <logical_group id="lg-b1" display="no" color="cyan">
         <name>CpuTimer1RegsFile</name>
         <run_address>0x8ba0</run_address>
         <size>0x8</size>
         <contents>
            <object_component_ref idref="oc-5d"/>
         </contents>
      </logical_group>
      <logical_group id="lg-b3" display="no" color="cyan">
         <name>CpuTimer2RegsFile</name>
         <run_address>0x8ba8</run_address>
         <size>0x8</size>
         <contents>
            <object_component_ref idref="oc-5e"/>
         </contents>
      </logical_group>
      <logical_group id="lg-b5" display="no" color="cyan">
         <name>CsmPwlFile</name>
         <run_address>0x8bb0</run_address>
         <size>0x8</size>
         <contents>
            <object_component_ref idref="oc-5f"/>
         </contents>
      </logical_group>
      <logical_group id="lg-b7" display="no" color="cyan">
         <name>GpioIntRegsFile</name>
         <run_address>0x89b2</run_address>
         <size>0xa</size>
         <contents>
            <object_component_ref idref="oc-60"/>
         </contents>
      </logical_group>
      <logical_group id="lg-b9" display="no" color="cyan">
         <name>SpiaRegsFile</name>
         <run_address>0x8b80</run_address>
         <size>0x10</size>
         <contents>
            <object_component_ref idref="oc-61"/>
         </contents>
      </logical_group>
      <logical_group id="lg-bb" display="no" color="cyan">
         <name>SciaRegsFile</name>
         <run_address>0x8b61</run_address>
         <size>0x10</size>
         <contents>
            <object_component_ref idref="oc-62"/>
         </contents>
      </logical_group>
      <logical_group id="lg-bd" display="no" color="cyan">
         <name>NmiIntruptRegsFile</name>
         <run_address>0x8b51</run_address>
         <size>0x10</size>
         <contents>
            <object_component_ref idref="oc-63"/>
         </contents>
      </logical_group>
      <logical_group id="lg-bf" display="no" color="cyan">
         <name>CsmRegsFile</name>
         <run_address>0x40</run_address>
         <size>0x10</size>
         <contents>
            <object_component_ref idref="oc-64"/>
         </contents>
      </logical_group>
      <logical_group id="lg-c1" display="no" color="cyan">
         <name>XIntruptRegsFile</name>
         <run_address>0x8b90</run_address>
         <size>0x10</size>
         <contents>
            <object_component_ref idref="oc-65"/>
         </contents>
      </logical_group>
      <logical_group id="lg-c3" display="no" color="cyan">
         <name>Comp2RegsFile</name>
         <run_address>0x8b40</run_address>
         <size>0x11</size>
         <contents>
            <object_component_ref idref="oc-66"/>
         </contents>
      </logical_group>
      <logical_group id="lg-c5" display="no" color="cyan">
         <name>Comp1RegsFile</name>
         <run_address>0x892a</run_address>
         <size>0x11</size>
         <contents>
            <object_component_ref idref="oc-67"/>
         </contents>
      </logical_group>
      <logical_group id="lg-c7" display="no" color="cyan">
         <name>PieCtrlRegsFile</name>
         <run_address>0x24</run_address>
         <size>0x1a</size>
         <contents>
            <object_component_ref idref="oc-68"/>
         </contents>
      </logical_group>
      <logical_group id="lg-c9" display="no" color="cyan">
         <name>SysCtrlRegsFile</name>
         <run_address>0x8b20</run_address>
         <size>0x1f</size>
         <contents>
            <object_component_ref idref="oc-69"/>
         </contents>
      </logical_group>
      <logical_group id="lg-cb" display="no" color="cyan">
         <name>GpioDataRegsFile</name>
         <run_address>0x8b00</run_address>
         <size>0x20</size>
         <contents>
            <object_component_ref idref="oc-6a"/>
         </contents>
      </logical_group>
      <logical_group id="lg-cd" display="no" color="cyan">
         <name>ECap1RegsFile</name>
         <run_address>0x8992</run_address>
         <size>0x20</size>
         <contents>
            <object_component_ref idref="oc-6b"/>
         </contents>
      </logical_group>
      <logical_group id="lg-cf" display="no" color="cyan">
         <name>AdcResultFile</name>
         <run_address>0x890a</run_address>
         <size>0x20</size>
         <contents>
            <object_component_ref idref="oc-6c"/>
         </contents>
      </logical_group>
      <logical_group id="lg-d1" display="no" color="cyan">
         <name>I2caRegsFile</name>
         <run_address>0x2</run_address>
         <size>0x22</size>
         <contents>
            <object_component_ref idref="oc-6d"/>
         </contents>
      </logical_group>
      <logical_group id="lg-d3" display="no" color="cyan">
         <name>EPwm3RegsFile</name>
         <run_address>0x8a40</run_address>
         <size>0x40</size>
         <contents>
            <object_component_ref idref="oc-6e"/>
         </contents>
      </logical_group>
      <logical_group id="lg-d5" display="no" color="cyan">
         <name>EPwm2RegsFile</name>
         <run_address>0x8a00</run_address>
         <size>0x40</size>
         <contents>
            <object_component_ref idref="oc-6f"/>
         </contents>
      </logical_group>
      <logical_group id="lg-d7" display="no" color="cyan">
         <name>EPwm4RegsFile</name>
         <run_address>0x8a80</run_address>
         <size>0x40</size>
         <contents>
            <object_component_ref idref="oc-70"/>
         </contents>
      </logical_group>
      <logical_group id="lg-d9" display="no" color="cyan">
         <name>EPwm1RegsFile</name>
         <run_address>0x89c0</run_address>
         <size>0x40</size>
         <contents>
            <object_component_ref idref="oc-71"/>
         </contents>
      </logical_group>
      <logical_group id="lg-db" display="no" color="cyan">
         <name>GpioCtrlRegsFile</name>
         <run_address>0x8ac0</run_address>
         <size>0x40</size>
         <contents>
            <object_component_ref idref="oc-72"/>
         </contents>
      </logical_group>
      <logical_group id="lg-dd" display="no" color="cyan">
         <name>AdcRegsFile</name>
         <run_address>0x8940</run_address>
         <size>0x51</size>
         <contents>
            <object_component_ref idref="oc-73"/>
         </contents>
      </logical_group>
      <logical_group id="lg-df" display="no" color="cyan">
         <name>PieVectTableFile</name>
         <run_address>0x700</run_address>
         <size>0x100</size>
         <contents>
            <object_component_ref idref="oc-74"/>
         </contents>
      </logical_group>
   </logical_group_list>
   <placement_map>
      <memory_area display="no" color="green">
         <name>BEGIN</name>
         <page_id>0x0</page_id>
         <origin>0x0</origin>
         <length>0x2</length>
         <used_space>0x2</used_space>
         <unused_space>0x0</unused_space>
         <attributes>RWIX</attributes>
         <usage_details>
            <allocated_space>
               <start_address>0x0</start_address>
               <size>0x2</size>
               <logical_group_ref idref="lg-2"/>
            </allocated_space>
         </usage_details>
      </memory_area>
      <memory_area display="yes" color="green">
         <name>RAMM0</name>
         <page_id>0x0</page_id>
         <origin>0x50</origin>
         <length>0x3b0</length>
         <used_space>0x9c</used_space>
         <unused_space>0x314</unused_space>
         <attributes>RWIX</attributes>
         <usage_details>
            <allocated_space>
               <start_address>0x50</start_address>
               <size>0x1a</size>
               <logical_group_ref idref="lg-5"/>
            </allocated_space>
            <allocated_space>
               <start_address>0x6a</start_address>
               <size>0x76</size>
               <logical_group_ref idref="lg-9d"/>
            </allocated_space>
            <allocated_space>
               <start_address>0xe0</start_address>
               <size>0x8</size>
               <logical_group_ref idref="lg-9b"/>
            </allocated_space>
            <allocated_space>
               <start_address>0xe8</start_address>
               <size>0x4</size>
               <logical_group_ref idref="lg-99"/>
            </allocated_space>
            <available_space>
               <start_address>0xec</start_address>
               <size>0x314</size>
            </available_space>
         </usage_details>
      </memory_area>
      <memory_area display="yes" color="green">
         <name>PRAML0</name>
         <page_id>0x0</page_id>
         <origin>0x8000</origin>
         <length>0x900</length>
         <used_space>0x227</used_space>
         <unused_space>0x6d9</unused_space>
         <attributes>RWIX</attributes>
         <usage_details>
            <allocated_space>
               <start_address>0x8000</start_address>
               <size>0x227</size>
               <logical_group_ref idref="lg-4"/>
            </allocated_space>
            <available_space>
               <start_address>0x8227</start_address>
               <size>0x6d9</size>
            </available_space>
         </usage_details>
      </memory_area>
      <memory_area display="yes" color="green">
         <name>IQTABLES</name>
         <page_id>0x0</page_id>
         <origin>0x3fe000</origin>
         <length>0xb50</length>
         <used_space>0x0</used_space>
         <unused_space>0xb50</unused_space>
         <attributes>RWIX</attributes>
         <usage_details>
         </usage_details>
      </memory_area>
      <memory_area display="yes" color="green">
         <name>IQTABLES2</name>
         <page_id>0x0</page_id>
         <origin>0x3feb50</origin>
         <length>0x8c</length>
         <used_space>0x0</used_space>
         <unused_space>0x8c</unused_space>
         <attributes>RWIX</attributes>
         <usage_details>
         </usage_details>
      </memory_area>
      <memory_area display="yes" color="green">
         <name>IQTABLES3</name>
         <page_id>0x0</page_id>
         <origin>0x3febdc</origin>
         <length>0xaa</length>
         <used_space>0x0</used_space>
         <unused_space>0xaa</unused_space>
         <attributes>RWIX</attributes>
         <usage_details>
         </usage_details>
      </memory_area>
      <memory_area display="yes" color="green">
         <name>BOOTROM</name>
         <page_id>0x0</page_id>
         <origin>0x3ff27c</origin>
         <length>0xd44</length>
         <used_space>0x0</used_space>
         <unused_space>0xd44</unused_space>
         <attributes>RWIX</attributes>
         <usage_details>
         </usage_details>
      </memory_area>
      <memory_area display="no" color="green">
         <name>RESET</name>
         <page_id>0x0</page_id>
         <origin>0x3fffc0</origin>
         <length>0x2</length>
         <used_space>0x0</used_space>
         <unused_space>0x2</unused_space>
         <attributes>RWIX</attributes>
         <usage_details>
         </usage_details>
      </memory_area>
      <memory_area display="no" color="green">
         <name>BOOT_RSVD</name>
         <page_id>0x1</page_id>
         <origin>0x2</origin>
         <length>0x4e</length>
         <used_space>0x4e</used_space>
         <unused_space>0x0</unused_space>
         <attributes>RWIX</attributes>
         <usage_details>
            <allocated_space>
               <start_address>0x2</start_address>
               <size>0x22</size>
               <logical_group_ref idref="lg-d1"/>
            </allocated_space>
            <allocated_space>
               <start_address>0x24</start_address>
               <size>0x1a</size>
               <logical_group_ref idref="lg-c7"/>
            </allocated_space>
            <allocated_space>
               <start_address>0x3e</start_address>
               <size>0x2</size>
               <logical_group_ref idref="lg-a7"/>
            </allocated_space>
            <allocated_space>
               <start_address>0x40</start_address>
               <size>0x10</size>
               <logical_group_ref idref="lg-bf"/>
            </allocated_space>
         </usage_details>
      </memory_area>
      <memory_area display="yes" color="green">
         <name>RAMM1</name>
         <page_id>0x1</page_id>
         <origin>0x400</origin>
         <length>0x400</length>
         <used_space>0x400</used_space>
         <unused_space>0x0</unused_space>
         <attributes>RWIX</attributes>
         <usage_details>
            <allocated_space>
               <start_address>0x400</start_address>
               <size>0x300</size>
               <logical_group_ref idref="lg-9"/>
            </allocated_space>
            <allocated_space>
               <start_address>0x700</start_address>
               <size>0x100</size>
               <logical_group_ref idref="lg-df"/>
            </allocated_space>
         </usage_details>
      </memory_area>
      <memory_area display="yes" color="green">
         <name>DRAML0</name>
         <page_id>0x1</page_id>
         <origin>0x8900</origin>
         <length>0x700</length>
         <used_space>0x2ba</used_space>
         <unused_space>0x446</unused_space>
         <attributes>RWIX</attributes>
         <usage_details>
            <allocated_space>
               <start_address>0x8900</start_address>
               <size>0xa</size>
               <logical_group_ref idref="lg-a"/>
            </allocated_space>
            <allocated_space>
               <start_address>0x890a</start_address>
               <size>0x20</size>
               <logical_group_ref idref="lg-cf"/>
            </allocated_space>
            <allocated_space>
               <start_address>0x892a</start_address>
               <size>0x11</size>
               <logical_group_ref idref="lg-c5"/>
            </allocated_space>
            <allocated_space>
               <start_address>0x893b</start_address>
               <size>0x1</size>
               <logical_group_ref idref="lg-a3"/>
            </allocated_space>
            <allocated_space>
               <start_address>0x893c</start_address>
               <size>0x4</size>
               <logical_group_ref idref="lg-ab"/>
            </allocated_space>
            <allocated_space>
               <start_address>0x8940</start_address>
               <size>0x51</size>
               <logical_group_ref idref="lg-dd"/>
            </allocated_space>
            <allocated_space>
               <start_address>0x8991</start_address>
               <size>0x1</size>
               <logical_group_ref idref="lg-9f"/>
            </allocated_space>
            <allocated_space>
               <start_address>0x8992</start_address>
               <size>0x20</size>
               <logical_group_ref idref="lg-cd"/>
            </allocated_space>
            <allocated_space>
               <start_address>0x89b2</start_address>
               <size>0xa</size>
               <logical_group_ref idref="lg-b7"/>
            </allocated_space>
            <allocated_space>
               <start_address>0x89bc</start_address>
               <size>0x3</size>
               <logical_group_ref idref="lg-a9"/>
            </allocated_space>
            <allocated_space>
               <start_address>0x89bf</start_address>
               <size>0x1</size>
               <logical_group_ref idref="lg-a1"/>
            </allocated_space>
            <allocated_space>
               <start_address>0x89c0</start_address>
               <size>0x40</size>
               <logical_group_ref idref="lg-d9"/>
            </allocated_space>
            <allocated_space>
               <start_address>0x8a00</start_address>
               <size>0x40</size>
               <logical_group_ref idref="lg-d5"/>
            </allocated_space>
            <allocated_space>
               <start_address>0x8a40</start_address>
               <size>0x40</size>
               <logical_group_ref idref="lg-d3"/>
            </allocated_space>
            <allocated_space>
               <start_address>0x8a80</start_address>
               <size>0x40</size>
               <logical_group_ref idref="lg-d7"/>
            </allocated_space>
            <allocated_space>
               <start_address>0x8ac0</start_address>
               <size>0x40</size>
               <logical_group_ref idref="lg-db"/>
            </allocated_space>
            <allocated_space>
               <start_address>0x8b00</start_address>
               <size>0x20</size>
               <logical_group_ref idref="lg-cb"/>
            </allocated_space>
            <allocated_space>
               <start_address>0x8b20</start_address>
               <size>0x1f</size>
               <logical_group_ref idref="lg-c9"/>
            </allocated_space>
            <available_space>
               <start_address>0x8b3f</start_address>
               <size>0x1</size>
            </available_space>
            <allocated_space>
               <start_address>0x8b40</start_address>
               <size>0x11</size>
               <logical_group_ref idref="lg-c3"/>
            </allocated_space>
            <allocated_space>
               <start_address>0x8b51</start_address>
               <size>0x10</size>
               <logical_group_ref idref="lg-bd"/>
            </allocated_space>
            <allocated_space>
               <start_address>0x8b61</start_address>
               <size>0x10</size>
               <logical_group_ref idref="lg-bb"/>
            </allocated_space>
            <available_space>
               <start_address>0x8b71</start_address>
               <size>0x1</size>
            </available_space>
            <allocated_space>
               <start_address>0x8b72</start_address>
               <size>0x8</size>
               <logical_group_ref idref="lg-af"/>
            </allocated_space>
            <allocated_space>
               <start_address>0x8b7a</start_address>
               <size>0x2</size>
               <logical_group_ref idref="lg-a5"/>
            </allocated_space>
            <available_space>
               <start_address>0x8b7c</start_address>
               <size>0x4</size>
            </available_space>
            <allocated_space>
               <start_address>0x8b80</start_address>
               <size>0x10</size>
               <logical_group_ref idref="lg-b9"/>
            </allocated_space>
            <allocated_space>
               <start_address>0x8b90</start_address>
               <size>0x10</size>
               <logical_group_ref idref="lg-c1"/>
            </allocated_space>
            <allocated_space>
               <start_address>0x8ba0</start_address>
               <size>0x8</size>
               <logical_group_ref idref="lg-b1"/>
            </allocated_space>
            <allocated_space>
               <start_address>0x8ba8</start_address>
               <size>0x8</size>
               <logical_group_ref idref="lg-b3"/>
            </allocated_space>
            <allocated_space>
               <start_address>0x8bb0</start_address>
               <size>0x8</size>
               <logical_group_ref idref="lg-b5"/>
            </allocated_space>
            <allocated_space>
               <start_address>0x8bb8</start_address>
               <size>0x8</size>
               <logical_group_ref idref="lg-ad"/>
            </allocated_space>
            <available_space>
               <start_address>0x8bc0</start_address>
               <size>0x440</size>
            </available_space>
         </usage_details>
      </memory_area>
   </placement_map>
   <symbol_table>
      <symbol id="sm-0">
         <name>cinit</name>
         <value>0x50</value>
      </symbol>
      <symbol id="sm-1">
         <name>___cinit__</name>
         <value>0x50</value>
      </symbol>
      <symbol id="sm-2">
         <name>pinit</name>
         <value>0xffffffff</value>
      </symbol>
      <symbol id="sm-3">
         <name>___pinit__</name>
         <value>0xffffffff</value>
      </symbol>
      <symbol id="sm-4">
         <name>binit</name>
         <value>0xffffffff</value>
      </symbol>
      <symbol id="sm-5">
         <name>___binit__</name>
         <value>0xffffffff</value>
      </symbol>
      <symbol id="sm-6">
         <name>__STACK_SIZE</name>
         <value>0x300</value>
      </symbol>
      <symbol id="sm-7">
         <name>__STACK_END</name>
         <value>0x700</value>
      </symbol>
      <symbol id="sm-8">
         <name>___c_args__</name>
         <value>0xffffffff</value>
      </symbol>
      <symbol id="sm-9">
         <name>.text</name>
         <value>0x8000</value>
      </symbol>
      <symbol id="sm-a">
         <name>___text__</name>
         <value>0x8000</value>
      </symbol>
      <symbol id="sm-b">
         <name>etext</name>
         <value>0x8227</value>
      </symbol>
      <symbol id="sm-c">
         <name>___etext__</name>
         <value>0x8227</value>
      </symbol>
      <symbol id="sm-d">
         <name>___TI_pprof_out_hndl</name>
         <value>0xffffffff</value>
      </symbol>
      <symbol id="sm-e">
         <name>___TI_prof_data_start</name>
         <value>0xffffffff</value>
      </symbol>
      <symbol id="sm-f">
         <name>___TI_prof_data_size</name>
         <value>0xffffffff</value>
      </symbol>
      <symbol id="sm-90">
         <name>_main</name>
         <value>0x80c0</value>
         <object_component_ref idref="oc-7c"/>
      </symbol>
      <symbol id="sm-92">
         <name>_InitGPIO</name>
         <value>0x8000</value>
         <object_component_ref idref="oc-7c"/>
      </symbol>
      <symbol id="sm-94">
         <name>_DS28B20ReadTemperature</name>
         <value>0x8099</value>
         <object_component_ref idref="oc-7c"/>
      </symbol>
      <symbol id="sm-96">
         <name>_OneWireReadBit</name>
         <value>0x8036</value>
         <object_component_ref idref="oc-7c"/>
      </symbol>
      <symbol id="sm-98">
         <name>_DS28B20Init</name>
         <value>0x8082</value>
         <object_component_ref idref="oc-7c"/>
      </symbol>
      <symbol id="sm-9a">
         <name>_OneWireReadByte</name>
         <value>0x806e</value>
         <object_component_ref idref="oc-7c"/>
      </symbol>
      <symbol id="sm-9c">
         <name>_OneWireWriteBit</name>
         <value>0x8012</value>
         <object_component_ref idref="oc-7c"/>
      </symbol>
      <symbol id="sm-9e">
         <name>_OneWireDelay</name>
         <value>0x800e</value>
         <object_component_ref idref="oc-7c"/>
      </symbol>
      <symbol id="sm-a0">
         <name>_OneWireWriteByte</name>
         <value>0x8057</value>
         <object_component_ref idref="oc-7c"/>
      </symbol>
      <symbol id="sm-bc">
         <name>_c_int00</name>
         <value>0x8120</value>
         <object_component_ref idref="oc-10"/>
      </symbol>
      <symbol id="sm-bd">
         <name>__stack</name>
         <value>0x400</value>
         <object_component_ref idref="oc-16"/>
      </symbol>
      <symbol id="sm-ce">
         <name>FS$$MPY</name>
         <value>0x80c6</value>
         <object_component_ref idref="oc-1c"/>
      </symbol>
      <symbol id="sm-dd">
         <name>I$$TOFS</name>
         <value>0x81de</value>
         <object_component_ref idref="oc-21"/>
      </symbol>
      <symbol id="sm-ec">
         <name>_copy_in</name>
         <value>0x819d</value>
         <object_component_ref idref="oc-77"/>
      </symbol>
      <symbol id="sm-fe">
         <name>_memcpy</name>
         <value>0x81c1</value>
         <object_component_ref idref="oc-7b"/>
      </symbol>
      <symbol id="sm-10b">
         <name>__system_pre_init</name>
         <value>0x8224</value>
         <object_component_ref idref="oc-76"/>
      </symbol>
      <symbol id="sm-119">
         <name>__system_post_cinit</name>
         <value>0x8226</value>
         <object_component_ref idref="oc-78"/>
      </symbol>
      <symbol id="sm-12e">
         <name>C$$EXIT</name>
         <value>0x8174</value>
         <object_component_ref idref="oc-7a"/>
      </symbol>
      <symbol id="sm-12f">
         <name>_exit</name>
         <value>0x8176</value>
         <object_component_ref idref="oc-7a"/>
      </symbol>
      <symbol id="sm-131">
         <name>___TI_cleanup_ptr</name>
         <value>0x8902</value>
         <object_component_ref idref="oc-3c"/>
      </symbol>
      <symbol id="sm-132">
         <name>___TI_enable_exit_profile_output</name>
         <value>0x8900</value>
         <object_component_ref idref="oc-3c"/>
      </symbol>
      <symbol id="sm-133">
         <name>_abort</name>
         <value>0x8174</value>
         <object_component_ref idref="oc-7a"/>
      </symbol>
      <symbol id="sm-135">
         <name>___TI_dtors_ptr</name>
         <value>0x8904</value>
         <object_component_ref idref="oc-3c"/>
      </symbol>
      <symbol id="sm-149">
         <name>__unlock</name>
         <value>0x8908</value>
         <object_component_ref idref="oc-81"/>
      </symbol>
      <symbol id="sm-14a">
         <name>__lock</name>
         <value>0x8906</value>
         <object_component_ref idref="oc-7d"/>
      </symbol>
      <symbol id="sm-14b">
         <name>__register_lock</name>
         <value>0x821f</value>
         <object_component_ref idref="oc-7f"/>
      </symbol>
      <symbol id="sm-14d">
         <name>__nop</name>
         <value>0x8223</value>
         <object_component_ref idref="oc-7f"/>
      </symbol>
      <symbol id="sm-14f">
         <name>__register_unlock</name>
         <value>0x821b</value>
         <object_component_ref idref="oc-7f"/>
      </symbol>
      <symbol id="sm-15f">
         <name>__args_main</name>
         <value>0x820a</value>
         <object_component_ref idref="oc-79"/>
      </symbol>
      <symbol id="sm-172">
         <name>_setDBGIER</name>
         <value>0x8200</value>
         <object_component_ref idref="oc-4b"/>
      </symbol>
      <symbol id="sm-173">
         <name>_DSP28x_DisableInt</name>
         <value>0x8203</value>
         <object_component_ref idref="oc-4b"/>
      </symbol>
      <symbol id="sm-174">
         <name>_DSP28x_RestoreInt</name>
         <value>0x8207</value>
         <object_component_ref idref="oc-4b"/>
      </symbol>
      <symbol id="sm-175">
         <name>_DSP28x_usDelay</name>
         <value>0xe8</value>
         <object_component_ref idref="oc-4d"/>
      </symbol>
      <symbol id="sm-176">
         <name>code_start</name>
         <value>0x0</value>
         <object_component_ref idref="oc-4c"/>
      </symbol>
      <symbol id="sm-1bf">
         <name>_GpioCtrlRegs</name>
         <value>0x8ac0</value>
         <object_component_ref idref="oc-72"/>
      </symbol>
      <symbol id="sm-1c0">
         <name>_PieVectTable</name>
         <value>0x700</value>
         <object_component_ref idref="oc-74"/>
      </symbol>
      <symbol id="sm-1c1">
         <name>_SysPwrCtrlRegs</name>
         <value>0x89bc</value>
         <object_component_ref idref="oc-59"/>
      </symbol>
      <symbol id="sm-1c2">
         <name>_EmuBMode</name>
         <value>0x893b</value>
         <object_component_ref idref="oc-56"/>
      </symbol>
      <symbol id="sm-1c3">
         <name>_CsmRegs</name>
         <value>0x40</value>
         <object_component_ref idref="oc-64"/>
      </symbol>
      <symbol id="sm-1c4">
         <name>_AdcResult</name>
         <value>0x890a</value>
         <object_component_ref idref="oc-6c"/>
      </symbol>
      <symbol id="sm-1c5">
         <name>_EPwm4Regs</name>
         <value>0x8a80</value>
         <object_component_ref idref="oc-70"/>
      </symbol>
      <symbol id="sm-1c6">
         <name>_CpuTimer1Regs</name>
         <value>0x8ba0</value>
         <object_component_ref idref="oc-5d"/>
      </symbol>
      <symbol id="sm-1c7">
         <name>_SysCtrlRegs</name>
         <value>0x8b20</value>
         <object_component_ref idref="oc-69"/>
      </symbol>
      <symbol id="sm-1c8">
         <name>_SpiaRegs</name>
         <value>0x8b80</value>
         <object_component_ref idref="oc-61"/>
      </symbol>
      <symbol id="sm-1c9">
         <name>_FlashRegs</name>
         <value>0x8bb8</value>
         <object_component_ref idref="oc-5b"/>
      </symbol>
      <symbol id="sm-1ca">
         <name>_CpuTimer0Regs</name>
         <value>0x8b72</value>
         <object_component_ref idref="oc-5c"/>
      </symbol>
      <symbol id="sm-1cb">
         <name>_DevEmuRegs</name>
         <value>0x893c</value>
         <object_component_ref idref="oc-5a"/>
      </symbol>
      <symbol id="sm-1cc">
         <name>_Comp1Regs</name>
         <value>0x892a</value>
         <object_component_ref idref="oc-67"/>
      </symbol>
      <symbol id="sm-1cd">
         <name>_SciaRegs</name>
         <value>0x8b61</value>
         <object_component_ref idref="oc-62"/>
      </symbol>
      <symbol id="sm-1ce">
         <name>_GpioDataRegs</name>
         <value>0x8b00</value>
         <object_component_ref idref="oc-6a"/>
      </symbol>
      <symbol id="sm-1cf">
         <name>_CsmPwl</name>
         <value>0x8bb0</value>
         <object_component_ref idref="oc-5f"/>
      </symbol>
      <symbol id="sm-1d0">
         <name>_AdcRegs</name>
         <value>0x8940</value>
         <object_component_ref idref="oc-73"/>
      </symbol>
      <symbol id="sm-1d1">
         <name>_Comp2Regs</name>
         <value>0x8b40</value>
         <object_component_ref idref="oc-66"/>
      </symbol>
      <symbol id="sm-1d2">
         <name>_XIntruptRegs</name>
         <value>0x8b90</value>
         <object_component_ref idref="oc-65"/>
      </symbol>
      <symbol id="sm-1d3">
         <name>_CpuTimer2Regs</name>
         <value>0x8ba8</value>
         <object_component_ref idref="oc-5e"/>
      </symbol>
      <symbol id="sm-1d4">
         <name>_PieCtrlRegs</name>
         <value>0x24</value>
         <object_component_ref idref="oc-68"/>
      </symbol>
      <symbol id="sm-1d5">
         <name>_ECap1Regs</name>
         <value>0x8992</value>
         <object_component_ref idref="oc-6b"/>
      </symbol>
      <symbol id="sm-1d6">
         <name>_EmuKey</name>
         <value>0x8991</value>
         <object_component_ref idref="oc-54"/>
      </symbol>
      <symbol id="sm-1d7">
         <name>_EPwm1Regs</name>
         <value>0x89c0</value>
         <object_component_ref idref="oc-71"/>
      </symbol>
      <symbol id="sm-1d8">
         <name>_GpioIntRegs</name>
         <value>0x89b2</value>
         <object_component_ref idref="oc-60"/>
      </symbol>
      <symbol id="sm-1d9">
         <name>_PartIdRegs</name>
         <value>0x89bf</value>
         <object_component_ref idref="oc-55"/>
      </symbol>
      <symbol id="sm-1da">
         <name>_Flash_CPUScaleFactor</name>
         <value>0x8b7a</value>
         <object_component_ref idref="oc-57"/>
      </symbol>
      <symbol id="sm-1db">
         <name>_EPwm2Regs</name>
         <value>0x8a00</value>
         <object_component_ref idref="oc-6f"/>
      </symbol>
      <symbol id="sm-1dc">
         <name>_NmiIntruptRegs</name>
         <value>0x8b51</value>
         <object_component_ref idref="oc-63"/>
      </symbol>
      <symbol id="sm-1dd">
         <name>_Flash_CallbackPtr</name>
         <value>0x3e</value>
         <object_component_ref idref="oc-58"/>
      </symbol>
      <symbol id="sm-1de">
         <name>_EPwm3Regs</name>
         <value>0x8a40</value>
         <object_component_ref idref="oc-6e"/>
      </symbol>
      <symbol id="sm-1df">
         <name>_I2caRegs</name>
         <value>0x2</value>
         <object_component_ref idref="oc-6d"/>
      </symbol>
   </symbol_table>
   <title>Link successful</title>
</link_info>
